<?xml version="1.0"?>
<link_info>
   <banner>MSP430 Linker PC v16.9.6.LTS</banner>
   <copyright>Copyright (c) 2003-2017 Texas Instruments Incorporated</copyright>
   <link_time>0x5a7afcac</link_time>
   <link_errors>0x0</link_errors>
   <output_file>test1.out</output_file>
   <entry_point>
      <name>_c_int00_noargs</name>
      <address>0xf07e</address>
   </entry_point>
   <input_file_list>
      <input_file id="fl-2">
         <path>.\</path>
         <kind>object</kind>
         <file>main.obj</file>
         <name>main.obj</name>
      </input_file>
      <input_file id="fl-8">
         <kind>object</kind>
         <file>&lt;internal&gt;</file>
         <name>&lt;internal&gt;</name>
      </input_file>
      <input_file id="fl-23">
         <path>C:\ti\ccsv7\tools\compiler\ti-cgt-msp430_16.9.6.LTS\lib\</path>
         <kind>archive</kind>
         <file>rts430x_lc_sd_eabi.lib</file>
         <name>boot.obj</name>
      </input_file>
      <input_file id="fl-24">
         <path>C:\ti\ccsv7\tools\compiler\ti-cgt-msp430_16.9.6.LTS\lib\</path>
         <kind>archive</kind>
         <file>rts430x_lc_sd_eabi.lib</file>
         <name>boot_special.obj</name>
      </input_file>
      <input_file id="fl-25">
         <path>C:\ti\ccsv7\tools\compiler\ti-cgt-msp430_16.9.6.LTS\lib\</path>
         <kind>archive</kind>
         <file>rts430x_lc_sd_eabi.lib</file>
         <name>copy_decompress_lzss.obj</name>
      </input_file>
      <input_file id="fl-26">
         <path>C:\ti\ccsv7\tools\compiler\ti-cgt-msp430_16.9.6.LTS\lib\</path>
         <kind>archive</kind>
         <file>rts430x_lc_sd_eabi.lib</file>
         <name>copy_decompress_none.obj</name>
      </input_file>
      <input_file id="fl-27">
         <path>C:\ti\ccsv7\tools\compiler\ti-cgt-msp430_16.9.6.LTS\lib\</path>
         <kind>archive</kind>
         <file>rts430x_lc_sd_eabi.lib</file>
         <name>copy_zero_init.obj</name>
      </input_file>
      <input_file id="fl-28">
         <path>C:\ti\ccsv7\tools\compiler\ti-cgt-msp430_16.9.6.LTS\lib\</path>
         <kind>archive</kind>
         <file>rts430x_lc_sd_eabi.lib</file>
         <name>cpy_util.obj</name>
      </input_file>
      <input_file id="fl-29">
         <path>C:\ti\ccsv7\tools\compiler\ti-cgt-msp430_16.9.6.LTS\lib\</path>
         <kind>archive</kind>
         <file>rts430x_lc_sd_eabi.lib</file>
         <name>exit.obj</name>
      </input_file>
      <input_file id="fl-2a">
         <path>C:\ti\ccsv7\tools\compiler\ti-cgt-msp430_16.9.6.LTS\lib\</path>
         <kind>archive</kind>
         <file>rts430x_lc_sd_eabi.lib</file>
         <name>exit_gvars.obj</name>
      </input_file>
      <input_file id="fl-2b">
         <path>C:\ti\ccsv7\tools\compiler\ti-cgt-msp430_16.9.6.LTS\lib\</path>
         <kind>archive</kind>
         <file>rts430x_lc_sd_eabi.lib</file>
         <name>int45.obj</name>
      </input_file>
      <input_file id="fl-2c">
         <path>C:\ti\ccsv7\tools\compiler\ti-cgt-msp430_16.9.6.LTS\lib\</path>
         <kind>archive</kind>
         <file>rts430x_lc_sd_eabi.lib</file>
         <name>int46.obj</name>
      </input_file>
      <input_file id="fl-2d">
         <path>C:\ti\ccsv7\tools\compiler\ti-cgt-msp430_16.9.6.LTS\lib\</path>
         <kind>archive</kind>
         <file>rts430x_lc_sd_eabi.lib</file>
         <name>int48.obj</name>
      </input_file>
      <input_file id="fl-2e">
         <path>C:\ti\ccsv7\tools\compiler\ti-cgt-msp430_16.9.6.LTS\lib\</path>
         <kind>archive</kind>
         <file>rts430x_lc_sd_eabi.lib</file>
         <name>int49.obj</name>
      </input_file>
      <input_file id="fl-2f">
         <path>C:\ti\ccsv7\tools\compiler\ti-cgt-msp430_16.9.6.LTS\lib\</path>
         <kind>archive</kind>
         <file>rts430x_lc_sd_eabi.lib</file>
         <name>int50.obj</name>
      </input_file>
      <input_file id="fl-30">
         <path>C:\ti\ccsv7\tools\compiler\ti-cgt-msp430_16.9.6.LTS\lib\</path>
         <kind>archive</kind>
         <file>rts430x_lc_sd_eabi.lib</file>
         <name>int51.obj</name>
      </input_file>
      <input_file id="fl-31">
         <path>C:\ti\ccsv7\tools\compiler\ti-cgt-msp430_16.9.6.LTS\lib\</path>
         <kind>archive</kind>
         <file>rts430x_lc_sd_eabi.lib</file>
         <name>int52.obj</name>
      </input_file>
      <input_file id="fl-32">
         <path>C:\ti\ccsv7\tools\compiler\ti-cgt-msp430_16.9.6.LTS\lib\</path>
         <kind>archive</kind>
         <file>rts430x_lc_sd_eabi.lib</file>
         <name>int53.obj</name>
      </input_file>
      <input_file id="fl-33">
         <path>C:\ti\ccsv7\tools\compiler\ti-cgt-msp430_16.9.6.LTS\lib\</path>
         <kind>archive</kind>
         <file>rts430x_lc_sd_eabi.lib</file>
         <name>int54.obj</name>
      </input_file>
      <input_file id="fl-34">
         <path>C:\ti\ccsv7\tools\compiler\ti-cgt-msp430_16.9.6.LTS\lib\</path>
         <kind>archive</kind>
         <file>rts430x_lc_sd_eabi.lib</file>
         <name>int55.obj</name>
      </input_file>
      <input_file id="fl-35">
         <path>C:\ti\ccsv7\tools\compiler\ti-cgt-msp430_16.9.6.LTS\lib\</path>
         <kind>archive</kind>
         <file>rts430x_lc_sd_eabi.lib</file>
         <name>int56.obj</name>
      </input_file>
      <input_file id="fl-36">
         <path>C:\ti\ccsv7\tools\compiler\ti-cgt-msp430_16.9.6.LTS\lib\</path>
         <kind>archive</kind>
         <file>rts430x_lc_sd_eabi.lib</file>
         <name>int57.obj</name>
      </input_file>
      <input_file id="fl-37">
         <path>C:\ti\ccsv7\tools\compiler\ti-cgt-msp430_16.9.6.LTS\lib\</path>
         <kind>archive</kind>
         <file>rts430x_lc_sd_eabi.lib</file>
         <name>int58.obj</name>
      </input_file>
      <input_file id="fl-38">
         <path>C:\ti\ccsv7\tools\compiler\ti-cgt-msp430_16.9.6.LTS\lib\</path>
         <kind>archive</kind>
         <file>rts430x_lc_sd_eabi.lib</file>
         <name>int59.obj</name>
      </input_file>
      <input_file id="fl-39">
         <path>C:\ti\ccsv7\tools\compiler\ti-cgt-msp430_16.9.6.LTS\lib\</path>
         <kind>archive</kind>
         <file>rts430x_lc_sd_eabi.lib</file>
         <name>int60.obj</name>
      </input_file>
      <input_file id="fl-3a">
         <path>C:\ti\ccsv7\tools\compiler\ti-cgt-msp430_16.9.6.LTS\lib\</path>
         <kind>archive</kind>
         <file>rts430x_lc_sd_eabi.lib</file>
         <name>int61.obj</name>
      </input_file>
      <input_file id="fl-3b">
         <path>C:\ti\ccsv7\tools\compiler\ti-cgt-msp430_16.9.6.LTS\lib\</path>
         <kind>archive</kind>
         <file>rts430x_lc_sd_eabi.lib</file>
         <name>int62.obj</name>
      </input_file>
      <input_file id="fl-3c">
         <path>C:\ti\ccsv7\tools\compiler\ti-cgt-msp430_16.9.6.LTS\lib\</path>
         <kind>archive</kind>
         <file>rts430x_lc_sd_eabi.lib</file>
         <name>isr_trap.obj</name>
      </input_file>
      <input_file id="fl-3d">
         <path>C:\ti\ccsv7\tools\compiler\ti-cgt-msp430_16.9.6.LTS\lib\</path>
         <kind>archive</kind>
         <file>rts430x_lc_sd_eabi.lib</file>
         <name>mpu_init.obj</name>
      </input_file>
      <input_file id="fl-3e">
         <path>C:\ti\ccsv7\tools\compiler\ti-cgt-msp430_16.9.6.LTS\lib\</path>
         <kind>archive</kind>
         <file>rts430x_lc_sd_eabi.lib</file>
         <name>mult1632_f5hw.obj</name>
      </input_file>
      <input_file id="fl-3f">
         <path>C:\ti\ccsv7\tools\compiler\ti-cgt-msp430_16.9.6.LTS\lib\</path>
         <kind>archive</kind>
         <file>rts430x_lc_sd_eabi.lib</file>
         <name>mult16_f5hw.obj</name>
      </input_file>
      <input_file id="fl-40">
         <path>C:\ti\ccsv7\tools\compiler\ti-cgt-msp430_16.9.6.LTS\lib\</path>
         <kind>archive</kind>
         <file>rts430x_lc_sd_eabi.lib</file>
         <name>mult3264_f5hw.obj</name>
      </input_file>
      <input_file id="fl-41">
         <path>C:\ti\ccsv7\tools\compiler\ti-cgt-msp430_16.9.6.LTS\lib\</path>
         <kind>archive</kind>
         <file>rts430x_lc_sd_eabi.lib</file>
         <name>mult32_f5hw.obj</name>
      </input_file>
      <input_file id="fl-42">
         <path>C:\ti\ccsv7\tools\compiler\ti-cgt-msp430_16.9.6.LTS\lib\</path>
         <kind>archive</kind>
         <file>rts430x_lc_sd_eabi.lib</file>
         <name>mult64_f5hw.obj</name>
      </input_file>
      <input_file id="fl-43">
         <path>C:\ti\ccsv7\tools\compiler\ti-cgt-msp430_16.9.6.LTS\lib\</path>
         <kind>archive</kind>
         <file>rts430x_lc_sd_eabi.lib</file>
         <name>pre_init.obj</name>
      </input_file>
      <input_file id="fl-44">
         <path>C:\ti\ccsv7\tools\compiler\ti-cgt-msp430_16.9.6.LTS\lib\</path>
         <kind>archive</kind>
         <file>rts430x_lc_sd_eabi.lib</file>
         <name>printf.obj</name>
      </input_file>
      <input_file id="fl-45">
         <path>C:\ti\ccsv7\tools\compiler\ti-cgt-msp430_16.9.6.LTS\lib\</path>
         <kind>archive</kind>
         <file>rts430x_lc_sd_eabi.lib</file>
         <name>_lock.obj</name>
      </input_file>
      <input_file id="fl-46">
         <path>C:\ti\ccsv7\tools\compiler\ti-cgt-msp430_16.9.6.LTS\lib\</path>
         <kind>archive</kind>
         <file>rts430x_lc_sd_eabi.lib</file>
         <name>_printfi_min.obj</name>
      </input_file>
      <input_file id="fl-47">
         <path>C:\ti\ccsv7\tools\compiler\ti-cgt-msp430_16.9.6.LTS\lib\</path>
         <kind>archive</kind>
         <file>rts430x_lc_sd_eabi.lib</file>
         <name>args_main.obj</name>
      </input_file>
      <input_file id="fl-48">
         <path>C:\ti\ccsv7\tools\compiler\ti-cgt-msp430_16.9.6.LTS\lib\</path>
         <kind>archive</kind>
         <file>rts430x_lc_sd_eabi.lib</file>
         <name>autoinit.obj</name>
      </input_file>
      <input_file id="fl-49">
         <path>C:\ti\ccsv7\tools\compiler\ti-cgt-msp430_16.9.6.LTS\lib\</path>
         <kind>archive</kind>
         <file>rts430x_lc_sd_eabi.lib</file>
         <name>cpy_tbl.obj</name>
      </input_file>
      <input_file id="fl-4a">
         <path>C:\ti\ccsv7\tools\compiler\ti-cgt-msp430_16.9.6.LTS\lib\</path>
         <kind>archive</kind>
         <file>rts430x_lc_sd_eabi.lib</file>
         <name>defs.obj</name>
      </input_file>
      <input_file id="fl-4b">
         <path>C:\ti\ccsv7\tools\compiler\ti-cgt-msp430_16.9.6.LTS\lib\</path>
         <kind>archive</kind>
         <file>rts430x_lc_sd_eabi.lib</file>
         <name>div16u.obj</name>
      </input_file>
      <input_file id="fl-4c">
         <path>C:\ti\ccsv7\tools\compiler\ti-cgt-msp430_16.9.6.LTS\lib\</path>
         <kind>archive</kind>
         <file>rts430x_lc_sd_eabi.lib</file>
         <name>fputc.obj</name>
      </input_file>
      <input_file id="fl-4d">
         <path>C:\ti\ccsv7\tools\compiler\ti-cgt-msp430_16.9.6.LTS\lib\</path>
         <kind>archive</kind>
         <file>rts430x_lc_sd_eabi.lib</file>
         <name>fputs.obj</name>
      </input_file>
      <input_file id="fl-4e">
         <path>C:\ti\ccsv7\tools\compiler\ti-cgt-msp430_16.9.6.LTS\lib\</path>
         <kind>archive</kind>
         <file>rts430x_lc_sd_eabi.lib</file>
         <name>lsr64.obj</name>
      </input_file>
      <input_file id="fl-4f">
         <path>C:\ti\ccsv7\tools\compiler\ti-cgt-msp430_16.9.6.LTS\lib\</path>
         <kind>archive</kind>
         <file>rts430x_lc_sd_eabi.lib</file>
         <name>memccpy.obj</name>
      </input_file>
      <input_file id="fl-50">
         <path>C:\ti\ccsv7\tools\compiler\ti-cgt-msp430_16.9.6.LTS\lib\</path>
         <kind>archive</kind>
         <file>rts430x_lc_sd_eabi.lib</file>
         <name>memchr.obj</name>
      </input_file>
      <input_file id="fl-51">
         <path>C:\ti\ccsv7\tools\compiler\ti-cgt-msp430_16.9.6.LTS\lib\</path>
         <kind>archive</kind>
         <file>rts430x_lc_sd_eabi.lib</file>
         <name>memcpy.obj</name>
      </input_file>
      <input_file id="fl-52">
         <path>C:\ti\ccsv7\tools\compiler\ti-cgt-msp430_16.9.6.LTS\lib\</path>
         <kind>archive</kind>
         <file>rts430x_lc_sd_eabi.lib</file>
         <name>memset.obj</name>
      </input_file>
      <input_file id="fl-53">
         <path>C:\ti\ccsv7\tools\compiler\ti-cgt-msp430_16.9.6.LTS\lib\</path>
         <kind>archive</kind>
         <file>rts430x_lc_sd_eabi.lib</file>
         <name>mult16.obj</name>
      </input_file>
      <input_file id="fl-54">
         <path>C:\ti\ccsv7\tools\compiler\ti-cgt-msp430_16.9.6.LTS\lib\</path>
         <kind>archive</kind>
         <file>rts430x_lc_sd_eabi.lib</file>
         <name>startup.obj</name>
      </input_file>
      <input_file id="fl-55">
         <path>C:\ti\ccsv7\tools\compiler\ti-cgt-msp430_16.9.6.LTS\lib\</path>
         <kind>archive</kind>
         <file>rts430x_lc_sd_eabi.lib</file>
         <name>strlen.obj</name>
      </input_file>
      <input_file id="fl-56">
         <path>C:\ti\ccsv7\tools\compiler\ti-cgt-msp430_16.9.6.LTS\lib\</path>
         <kind>archive</kind>
         <file>rts430x_lc_sd_eabi.lib</file>
         <name>write.obj</name>
      </input_file>
      <input_file id="fl-57">
         <path>C:\ti\ccsv7\tools\compiler\ti-cgt-msp430_16.9.6.LTS\lib\</path>
         <kind>archive</kind>
         <file>rts430x_lc_sd_eabi.lib</file>
         <name>_io_perm.obj</name>
      </input_file>
      <input_file id="fl-58">
         <path>C:\ti\ccsv7\tools\compiler\ti-cgt-msp430_16.9.6.LTS\lib\</path>
         <kind>archive</kind>
         <file>rts430x_lc_sd_eabi.lib</file>
         <name>fflush.obj</name>
      </input_file>
      <input_file id="fl-59">
         <path>C:\ti\ccsv7\tools\compiler\ti-cgt-msp430_16.9.6.LTS\lib\</path>
         <kind>archive</kind>
         <file>rts430x_lc_sd_eabi.lib</file>
         <name>fseek.obj</name>
      </input_file>
      <input_file id="fl-5a">
         <path>C:\ti\ccsv7\tools\compiler\ti-cgt-msp430_16.9.6.LTS\lib\</path>
         <kind>archive</kind>
         <file>rts430x_lc_sd_eabi.lib</file>
         <name>hostclose.obj</name>
      </input_file>
      <input_file id="fl-5b">
         <path>C:\ti\ccsv7\tools\compiler\ti-cgt-msp430_16.9.6.LTS\lib\</path>
         <kind>archive</kind>
         <file>rts430x_lc_sd_eabi.lib</file>
         <name>hostlseek.obj</name>
      </input_file>
      <input_file id="fl-5c">
         <path>C:\ti\ccsv7\tools\compiler\ti-cgt-msp430_16.9.6.LTS\lib\</path>
         <kind>archive</kind>
         <file>rts430x_lc_sd_eabi.lib</file>
         <name>hostopen.obj</name>
      </input_file>
      <input_file id="fl-5d">
         <path>C:\ti\ccsv7\tools\compiler\ti-cgt-msp430_16.9.6.LTS\lib\</path>
         <kind>archive</kind>
         <file>rts430x_lc_sd_eabi.lib</file>
         <name>hostread.obj</name>
      </input_file>
      <input_file id="fl-5e">
         <path>C:\ti\ccsv7\tools\compiler\ti-cgt-msp430_16.9.6.LTS\lib\</path>
         <kind>archive</kind>
         <file>rts430x_lc_sd_eabi.lib</file>
         <name>hostrename.obj</name>
      </input_file>
      <input_file id="fl-5f">
         <path>C:\ti\ccsv7\tools\compiler\ti-cgt-msp430_16.9.6.LTS\lib\</path>
         <kind>archive</kind>
         <file>rts430x_lc_sd_eabi.lib</file>
         <name>hostunlink.obj</name>
      </input_file>
      <input_file id="fl-60">
         <path>C:\ti\ccsv7\tools\compiler\ti-cgt-msp430_16.9.6.LTS\lib\</path>
         <kind>archive</kind>
         <file>rts430x_lc_sd_eabi.lib</file>
         <name>hostwrite.obj</name>
      </input_file>
      <input_file id="fl-61">
         <path>C:\ti\ccsv7\tools\compiler\ti-cgt-msp430_16.9.6.LTS\lib\</path>
         <kind>archive</kind>
         <file>rts430x_lc_sd_eabi.lib</file>
         <name>lseek.obj</name>
      </input_file>
      <input_file id="fl-62">
         <path>C:\ti\ccsv7\tools\compiler\ti-cgt-msp430_16.9.6.LTS\lib\</path>
         <kind>archive</kind>
         <file>rts430x_lc_sd_eabi.lib</file>
         <name>lsl32.obj</name>
      </input_file>
      <input_file id="fl-63">
         <path>C:\ti\ccsv7\tools\compiler\ti-cgt-msp430_16.9.6.LTS\lib\</path>
         <kind>archive</kind>
         <file>rts430x_lc_sd_eabi.lib</file>
         <name>setvbuf.obj</name>
      </input_file>
      <input_file id="fl-64">
         <path>C:\ti\ccsv7\tools\compiler\ti-cgt-msp430_16.9.6.LTS\lib\</path>
         <kind>archive</kind>
         <file>rts430x_lc_sd_eabi.lib</file>
         <name>strcpy.obj</name>
      </input_file>
      <input_file id="fl-65">
         <path>C:\ti\ccsv7\tools\compiler\ti-cgt-msp430_16.9.6.LTS\lib\</path>
         <kind>archive</kind>
         <file>rts430x_lc_sd_eabi.lib</file>
         <name>trgmsg.obj</name>
      </input_file>
      <input_file id="fl-66">
         <path>C:\ti\ccsv7\tools\compiler\ti-cgt-msp430_16.9.6.LTS\lib\</path>
         <kind>archive</kind>
         <file>rts430x_lc_sd_eabi.lib</file>
         <name>asr32.obj</name>
      </input_file>
      <input_file id="fl-67">
         <path>C:\ti\ccsv7\tools\compiler\ti-cgt-msp430_16.9.6.LTS\lib\</path>
         <kind>archive</kind>
         <file>rts430x_lc_sd_eabi.lib</file>
         <name>fopen.obj</name>
      </input_file>
      <input_file id="fl-68">
         <path>C:\ti\ccsv7\tools\compiler\ti-cgt-msp430_16.9.6.LTS\lib\</path>
         <kind>archive</kind>
         <file>rts430x_lc_sd_eabi.lib</file>
         <name>memory.obj</name>
      </input_file>
      <input_file id="fl-69">
         <path>C:\ti\ccsv7\tools\compiler\ti-cgt-msp430_16.9.6.LTS\lib\</path>
         <kind>archive</kind>
         <file>rts430x_lc_sd_eabi.lib</file>
         <name>open.obj</name>
      </input_file>
      <input_file id="fl-6a">
         <path>C:\ti\ccsv7\tools\compiler\ti-cgt-msp430_16.9.6.LTS\lib\</path>
         <kind>archive</kind>
         <file>rts430x_lc_sd_eabi.lib</file>
         <name>fclose.obj</name>
      </input_file>
      <input_file id="fl-6b">
         <path>C:\ti\ccsv7\tools\compiler\ti-cgt-msp430_16.9.6.LTS\lib\</path>
         <kind>archive</kind>
         <file>rts430x_lc_sd_eabi.lib</file>
         <name>getdevice.obj</name>
      </input_file>
      <input_file id="fl-6c">
         <path>C:\ti\ccsv7\tools\compiler\ti-cgt-msp430_16.9.6.LTS\lib\</path>
         <kind>archive</kind>
         <file>rts430x_lc_sd_eabi.lib</file>
         <name>remove.obj</name>
      </input_file>
      <input_file id="fl-6d">
         <path>C:\ti\ccsv7\tools\compiler\ti-cgt-msp430_16.9.6.LTS\lib\</path>
         <kind>archive</kind>
         <file>rts430x_lc_sd_eabi.lib</file>
         <name>strchr.obj</name>
      </input_file>
      <input_file id="fl-6e">
         <path>C:\ti\ccsv7\tools\compiler\ti-cgt-msp430_16.9.6.LTS\lib\</path>
         <kind>archive</kind>
         <file>rts430x_lc_sd_eabi.lib</file>
         <name>strcmp.obj</name>
      </input_file>
      <input_file id="fl-6f">
         <path>C:\ti\ccsv7\tools\compiler\ti-cgt-msp430_16.9.6.LTS\lib\</path>
         <kind>archive</kind>
         <file>rts430x_lc_sd_eabi.lib</file>
         <name>strncpy.obj</name>
      </input_file>
      <input_file id="fl-70">
         <path>C:\ti\ccsv7\tools\compiler\ti-cgt-msp430_16.9.6.LTS\lib\</path>
         <kind>archive</kind>
         <file>rts430x_lc_sd_eabi.lib</file>
         <name>unlink.obj</name>
      </input_file>
      <input_file id="fl-71">
         <path>C:\ti\ccsv7\tools\compiler\ti-cgt-msp430_16.9.6.LTS\lib\</path>
         <kind>archive</kind>
         <file>rts430x_lc_sd_eabi.lib</file>
         <name>close.obj</name>
      </input_file>
   </input_file_list>
   <object_component_list>
      <object_component id="oc-4f4">
         <name>.bss</name>
         <uninitialized>true</uninitialized>
         <run_address>0x1ef6</run_address>
         <size>0x6</size>
         <input_file_ref idref="fl-68"/>
      </object_component>
      <object_component id="oc-547">
         <name>.common:__TI_tmpnams</name>
         <uninitialized>true</uninitialized>
         <run_address>0x1e4e</run_address>
         <size>0xa0</size>
      </object_component>
      <object_component id="oc-552">
         <name>.common:parmbuf</name>
         <uninitialized>true</uninitialized>
         <run_address>0x1eee</run_address>
         <size>0x8</size>
      </object_component>
      <object_component id="oc-38f">
         <name>.data</name>
         <load_address>0x1d2a</load_address>
         <run_address>0x1d2a</run_address>
         <size>0x2</size>
         <input_file_ref idref="fl-29"/>
      </object_component>
      <object_component id="oc-398">
         <name>.data:__TI_cleanup_ptr</name>
         <load_address>0x1d18</load_address>
         <run_address>0x1d18</run_address>
         <size>0x4</size>
         <input_file_ref idref="fl-2a"/>
      </object_component>
      <object_component id="oc-395">
         <name>.data:__TI_dtors_ptr</name>
         <load_address>0x1d1c</load_address>
         <run_address>0x1d1c</run_address>
         <size>0x4</size>
         <input_file_ref idref="fl-2a"/>
      </object_component>
      <object_component id="oc-392">
         <name>.data:_lock</name>
         <load_address>0x1d20</load_address>
         <run_address>0x1d20</run_address>
         <size>0x4</size>
         <input_file_ref idref="fl-45"/>
      </object_component>
      <object_component id="oc-39b">
         <name>.data:_unlock</name>
         <load_address>0x1d24</load_address>
         <run_address>0x1d24</run_address>
         <size>0x4</size>
         <input_file_ref idref="fl-45"/>
      </object_component>
      <object_component id="oc-3eb">
         <name>.data:_ftable</name>
         <load_address>0x1c78</load_address>
         <run_address>0x1c78</run_address>
         <size>0x78</size>
         <input_file_ref idref="fl-4a"/>
      </object_component>
      <object_component id="oc-508">
         <name>.data</name>
         <load_address>0x1d28</load_address>
         <run_address>0x1d28</run_address>
         <size>0x2</size>
         <input_file_ref idref="fl-4a"/>
      </object_component>
      <object_component id="oc-4da">
         <name>.data:_device</name>
         <load_address>0x1c00</load_address>
         <run_address>0x1c00</run_address>
         <size>0x78</size>
         <input_file_ref idref="fl-56"/>
      </object_component>
      <object_component id="oc-497">
         <name>.data:_stream</name>
         <load_address>0x1cf0</load_address>
         <run_address>0x1cf0</run_address>
         <size>0x28</size>
         <input_file_ref idref="fl-56"/>
      </object_component>
      <object_component id="oc-4f8">
         <name>.data</name>
         <load_address>0x1d2c</load_address>
         <run_address>0x1d2c</run_address>
         <size>0x2</size>
         <input_file_ref idref="fl-68"/>
      </object_component>
      <object_component id="oc-317">
         <name>.sysmem</name>
         <uninitialized>true</uninitialized>
         <run_address>0x1efc</run_address>
         <size>0x4</size>
         <input_file_ref idref="fl-68"/>
      </object_component>
      <object_component id="oc-645">
         <name>.sysmem</name>
         <uninitialized>true</uninitialized>
         <run_address>0x1efc</run_address>
         <size>0x0</size>
      </object_component>
      <object_component id="oc-313">
         <name>.stack</name>
         <uninitialized>true</uninitialized>
         <run_address>0x23ac</run_address>
         <size>0x2</size>
         <input_file_ref idref="fl-23"/>
      </object_component>
      <object_component id="oc-644">
         <name>.stack</name>
         <uninitialized>true</uninitialized>
         <run_address>0x23ac</run_address>
         <size>0x0</size>
      </object_component>
      <object_component id="oc-42e">
         <name>.text:_setfield</name>
         <load_address>0xe000</load_address>
         <run_address>0xe000</run_address>
         <size>0x10e</size>
         <input_file_ref idref="fl-46"/>
      </object_component>
      <object_component id="oc-67">
         <name>.text:decompress:lzss:__TI_decompress_lzss</name>
         <load_address>0xe10e</load_address>
         <run_address>0xe10e</run_address>
         <size>0xee</size>
         <input_file_ref idref="fl-25"/>
      </object_component>
      <object_component id="oc-41a">
         <name>.text:fputs</name>
         <load_address>0xe1fc</load_address>
         <run_address>0xe1fc</run_address>
         <size>0xde</size>
         <input_file_ref idref="fl-4d"/>
      </object_component>
      <object_component id="oc-3fa">
         <name>.text:__TI_printfi_minimal</name>
         <load_address>0xe2da</load_address>
         <run_address>0xe2da</run_address>
         <size>0xda</size>
         <input_file_ref idref="fl-46"/>
      </object_component>
      <object_component id="oc-48b">
         <name>.text:setvbuf</name>
         <load_address>0xe3b4</load_address>
         <run_address>0xe3b4</run_address>
         <size>0xcc</size>
         <input_file_ref idref="fl-63"/>
      </object_component>
      <object_component id="oc-470">
         <name>.text:_pproc_diouxp</name>
         <load_address>0xe480</load_address>
         <run_address>0xe480</run_address>
         <size>0xc4</size>
         <input_file_ref idref="fl-46"/>
      </object_component>
      <object_component id="oc-37f">
         <name>.text:copy_in</name>
         <load_address>0xe544</load_address>
         <run_address>0xe544</run_address>
         <size>0xb2</size>
         <input_file_ref idref="fl-49"/>
      </object_component>
      <object_component id="oc-4c1">
         <name>.text:malloc</name>
         <load_address>0xe5f6</load_address>
         <run_address>0xe5f6</run_address>
         <size>0xae</size>
         <input_file_ref idref="fl-68"/>
      </object_component>
      <object_component id="oc-526">
         <name>.text:HOSTlseek</name>
         <load_address>0xe6a4</load_address>
         <run_address>0xe6a4</run_address>
         <size>0x9c</size>
         <input_file_ref idref="fl-5b"/>
      </object_component>
      <object_component id="oc-421">
         <name>.text:fputc</name>
         <load_address>0xe740</load_address>
         <run_address>0xe740</run_address>
         <size>0x8c</size>
         <input_file_ref idref="fl-4c"/>
      </object_component>
      <object_component id="oc-342">
         <name>.text:_auto_init</name>
         <load_address>0xe7cc</load_address>
         <run_address>0xe7cc</run_address>
         <size>0x82</size>
         <input_file_ref idref="fl-48"/>
      </object_component>
      <object_component id="oc-4bb">
         <name>.text:free</name>
         <load_address>0xe84e</load_address>
         <run_address>0xe84e</run_address>
         <size>0x80</size>
         <input_file_ref idref="fl-68"/>
      </object_component>
      <object_component id="oc-44b">
         <name>.text:__TI_wrt_ok</name>
         <load_address>0xe8ce</load_address>
         <run_address>0xe8ce</run_address>
         <size>0x7a</size>
         <input_file_ref idref="fl-57"/>
      </object_component>
      <object_component id="oc-532">
         <name>.text:HOSTrename</name>
         <load_address>0xe948</load_address>
         <run_address>0xe948</run_address>
         <size>0x6a</size>
         <input_file_ref idref="fl-5e"/>
      </object_component>
      <object_component id="oc-485">
         <name>.text:fseek</name>
         <load_address>0xe9b2</load_address>
         <run_address>0xe9b2</run_address>
         <size>0x6a</size>
         <input_file_ref idref="fl-59"/>
      </object_component>
      <object_component id="oc-502">
         <name>.text:__TI_closefile</name>
         <load_address>0xea1c</load_address>
         <run_address>0xea1c</run_address>
         <size>0x68</size>
         <input_file_ref idref="fl-6a"/>
      </object_component>
      <object_component id="oc-50e">
         <name>.text:HOSTopen</name>
         <load_address>0xea84</load_address>
         <run_address>0xea84</run_address>
         <size>0x64</size>
         <input_file_ref idref="fl-5c"/>
      </object_component>
      <object_component id="oc-457">
         <name>.text:__TI_doflush</name>
         <load_address>0xeae8</load_address>
         <run_address>0xeae8</run_address>
         <size>0x62</size>
         <input_file_ref idref="fl-58"/>
      </object_component>
      <object_component id="oc-520">
         <name>.text:HOSTwrite</name>
         <load_address>0xeb4a</load_address>
         <run_address>0xeb4a</run_address>
         <size>0x60</size>
         <input_file_ref idref="fl-60"/>
      </object_component>
      <object_component id="oc-51a">
         <name>.text:HOSTread</name>
         <load_address>0xebaa</load_address>
         <run_address>0xebaa</run_address>
         <size>0x5e</size>
         <input_file_ref idref="fl-5d"/>
      </object_component>
      <object_component id="oc-580">
         <name>.text:getdevice</name>
         <load_address>0xec08</load_address>
         <run_address>0xec08</run_address>
         <size>0x54</size>
         <input_file_ref idref="fl-6b"/>
      </object_component>
      <object_component id="oc-541">
         <name>.text:close</name>
         <load_address>0xec5c</load_address>
         <run_address>0xec5c</run_address>
         <size>0x4a</size>
         <input_file_ref idref="fl-71"/>
      </object_component>
      <object_component id="oc-34e">
         <name>.text:exit</name>
         <load_address>0xeca6</load_address>
         <run_address>0xeca6</run_address>
         <size>0x48</size>
         <input_file_ref idref="fl-29"/>
      </object_component>
      <object_component id="oc-514">
         <name>.text:HOSTclose</name>
         <load_address>0xecee</load_address>
         <run_address>0xecee</run_address>
         <size>0x46</size>
         <input_file_ref idref="fl-5a"/>
      </object_component>
      <object_component id="oc-52c">
         <name>.text:HOSTunlink</name>
         <load_address>0xed34</load_address>
         <run_address>0xed34</run_address>
         <size>0x42</size>
         <input_file_ref idref="fl-5f"/>
      </object_component>
      <object_component id="oc-325">
         <name>.text:__memcpy_far</name>
         <load_address>0xed76</load_address>
         <run_address>0xed76</run_address>
         <size>0x40</size>
         <input_file_ref idref="fl-28"/>
      </object_component>
      <object_component id="oc-3a2">
         <name>.text:printf</name>
         <load_address>0xedb6</load_address>
         <run_address>0xedb6</run_address>
         <size>0x40</size>
         <input_file_ref idref="fl-44"/>
      </object_component>
      <object_component id="oc-84">
         <name>.text:decompress:ZI:__TI_zero_init</name>
         <load_address>0xedf6</load_address>
         <run_address>0xedf6</run_address>
         <size>0x3e</size>
         <input_file_ref idref="fl-27"/>
      </object_component>
      <object_component id="oc-568">
         <name>.text:l_asr_const</name>
         <load_address>0xee34</load_address>
         <run_address>0xee34</run_address>
         <size>0x3e</size>
         <input_file_ref idref="fl-66"/>
      </object_component>
      <object_component id="oc-56d">
         <name>.text:l_lsl_const</name>
         <load_address>0xee72</load_address>
         <run_address>0xee72</run_address>
         <size>0x3e</size>
         <input_file_ref idref="fl-62"/>
      </object_component>
      <object_component id="oc-6d">
         <name>.text:decompress:none:__TI_decompress_none</name>
         <load_address>0xeeb0</load_address>
         <run_address>0xeeb0</run_address>
         <size>0x3c</size>
         <input_file_ref idref="fl-26"/>
      </object_component>
      <object_component id="oc-4fb">
         <name>.text:minit</name>
         <load_address>0xeeec</load_address>
         <run_address>0xeeec</run_address>
         <size>0x38</size>
         <input_file_ref idref="fl-68"/>
      </object_component>
      <object_component id="oc-4c7">
         <name>.text:__TI_cleanup</name>
         <load_address>0xef24</load_address>
         <run_address>0xef24</run_address>
         <size>0x32</size>
         <input_file_ref idref="fl-67"/>
      </object_component>
      <object_component id="oc-555">
         <name>.text:__TI_writemsg</name>
         <load_address>0xef56</load_address>
         <run_address>0xef56</run_address>
         <size>0x2e</size>
         <input_file_ref idref="fl-65"/>
      </object_component>
      <object_component id="oc-5b0">
         <name>.text:finddevice</name>
         <load_address>0xef84</load_address>
         <run_address>0xef84</run_address>
         <size>0x2e</size>
         <input_file_ref idref="fl-6b"/>
      </object_component>
      <object_component id="oc-55b">
         <name>.text:__TI_readmsg</name>
         <load_address>0xefb2</load_address>
         <run_address>0xefb2</run_address>
         <size>0x2c</size>
         <input_file_ref idref="fl-65"/>
      </object_component>
      <object_component id="oc-5aa">
         <name>.text:strncpy</name>
         <load_address>0xefde</load_address>
         <run_address>0xefde</run_address>
         <size>0x2c</size>
         <input_file_ref idref="fl-6f"/>
      </object_component>
      <object_component id="oc-548">
         <name>.text:unlink</name>
         <load_address>0xf00a</load_address>
         <run_address>0xf00a</run_address>
         <size>0x2a</size>
         <input_file_ref idref="fl-70"/>
      </object_component>
      <object_component id="oc-4b3">
         <name>.text:lseek</name>
         <load_address>0xf034</load_address>
         <run_address>0xf034</run_address>
         <size>0x26</size>
         <input_file_ref idref="fl-61"/>
      </object_component>
      <object_component id="oc-45d">
         <name>.text:write</name>
         <load_address>0xf05a</load_address>
         <run_address>0xf05a</run_address>
         <size>0x24</size>
         <input_file_ref idref="fl-56"/>
      </object_component>
      <object_component id="oc-96">
         <name>.text:_isr:_c_int00_noargs</name>
         <load_address>0xf07e</load_address>
         <run_address>0xf07e</run_address>
         <size>0x1c</size>
         <input_file_ref idref="fl-24"/>
      </object_component>
      <object_component id="oc-476">
         <name>.text:memccpy</name>
         <load_address>0xf09a</load_address>
         <run_address>0xf09a</run_address>
         <size>0x1a</size>
         <input_file_ref idref="fl-4f"/>
      </object_component>
      <object_component id="oc-5a4">
         <name>.text:strchr</name>
         <load_address>0xf0b4</load_address>
         <run_address>0xf0b4</run_address>
         <size>0x1a</size>
         <input_file_ref idref="fl-6d"/>
      </object_component>
      <object_component id="oc-35c">
         <name>.text:main</name>
         <load_address>0xf0ce</load_address>
         <run_address>0xf0ce</run_address>
         <size>0x18</size>
         <input_file_ref idref="fl-2"/>
      </object_component>
      <object_component id="oc-3b6">
         <name>.text</name>
         <load_address>0xf0e6</load_address>
         <run_address>0xf0e6</run_address>
         <size>0x18</size>
         <input_file_ref idref="fl-3f"/>
      </object_component>
      <object_component id="oc-5c9">
         <name>.text:strcmp</name>
         <load_address>0xf0fe</load_address>
         <run_address>0xf0fe</run_address>
         <size>0x18</size>
         <input_file_ref idref="fl-6e"/>
      </object_component>
      <object_component id="oc-4a4">
         <name>.text</name>
         <load_address>0xf116</load_address>
         <run_address>0xf116</run_address>
         <size>0x16</size>
         <input_file_ref idref="fl-4b"/>
      </object_component>
      <object_component id="oc-451">
         <name>.text:memchr</name>
         <load_address>0xf12c</load_address>
         <run_address>0xf12c</run_address>
         <size>0x14</size>
         <input_file_ref idref="fl-50"/>
      </object_component>
      <object_component id="oc-469">
         <name>.text:memset</name>
         <load_address>0xf140</load_address>
         <run_address>0xf140</run_address>
         <size>0x14</size>
         <input_file_ref idref="fl-52"/>
      </object_component>
      <object_component id="oc-3bb">
         <name>.text:memcpy</name>
         <load_address>0xf154</load_address>
         <run_address>0xf154</run_address>
         <size>0x12</size>
         <input_file_ref idref="fl-51"/>
      </object_component>
      <object_component id="oc-576">
         <name>.text:strcpy</name>
         <load_address>0xf166</load_address>
         <run_address>0xf166</run_address>
         <size>0x10</size>
         <input_file_ref idref="fl-64"/>
      </object_component>
      <object_component id="oc-428">
         <name>.text:strlen</name>
         <load_address>0xf176</load_address>
         <run_address>0xf176</run_address>
         <size>0xe</size>
         <input_file_ref idref="fl-55"/>
      </object_component>
      <object_component id="oc-331">
         <name>.text:_isr:__TI_ISR_TRAP</name>
         <load_address>0xf184</load_address>
         <run_address>0xf184</run_address>
         <size>0x8</size>
         <input_file_ref idref="fl-3c"/>
      </object_component>
      <object_component id="oc-3f4">
         <name>.text:_outc</name>
         <load_address>0xf18c</load_address>
         <run_address>0xf18c</run_address>
         <size>0x6</size>
         <input_file_ref idref="fl-44"/>
      </object_component>
      <object_component id="oc-364">
         <name>.text:abort</name>
         <load_address>0xf192</load_address>
         <run_address>0xf192</run_address>
         <size>0x6</size>
         <input_file_ref idref="fl-29"/>
      </object_component>
      <object_component id="oc-3ee">
         <name>.text:_outs</name>
         <load_address>0xf198</load_address>
         <run_address>0xf198</run_address>
         <size>0x4</size>
         <input_file_ref idref="fl-44"/>
      </object_component>
      <object_component id="oc-33c">
         <name>.text:_system_pre_init</name>
         <load_address>0xf19c</load_address>
         <run_address>0xf19c</run_address>
         <size>0x4</size>
         <input_file_ref idref="fl-43"/>
      </object_component>
      <object_component id="oc-3d9">
         <name>.text:_nop</name>
         <load_address>0xf1a0</load_address>
         <run_address>0xf1a0</run_address>
         <size>0x2</size>
         <input_file_ref idref="fl-45"/>
      </object_component>
      <object_component id="oc-385">
         <name>.text:_system_post_cinit</name>
         <load_address>0xf1a2</load_address>
         <run_address>0xf1a2</run_address>
         <size>0x2</size>
         <input_file_ref idref="fl-54"/>
      </object_component>
      <object_component id="oc-643">
         <name>.cinit..data.load</name>
         <load_address>0xf1c6</load_address>
         <run_address>0xf1c6</run_address>
         <size>0x4f</size>
      </object_component>
      <object_component id="oc-640">
         <name>__TI_handler_table</name>
         <load_address>0xf216</load_address>
         <run_address>0xf216</run_address>
         <size>0xc</size>
      </object_component>
      <object_component id="oc-642">
         <name>.cinit..bss.load</name>
         <load_address>0xf222</load_address>
         <run_address>0xf222</run_address>
         <size>0x6</size>
      </object_component>
      <object_component id="oc-641">
         <name>__TI_cinit_table</name>
         <load_address>0xf228</load_address>
         <run_address>0xf228</run_address>
         <size>0x10</size>
      </object_component>
      <object_component id="oc-46f">
         <name>.const:.string</name>
         <load_address>0xf1a4</load_address>
         <run_address>0xf1a4</run_address>
         <size>0x14</size>
         <input_file_ref idref="fl-46"/>
      </object_component>
      <object_component id="oc-3a1">
         <name>.const:.string</name>
         <load_address>0xf1b8</load_address>
         <run_address>0xf1b8</run_address>
         <size>0xe</size>
         <input_file_ref idref="fl-2"/>
      </object_component>
      <object_component id="oc-58c">
         <name>.cio</name>
         <uninitialized>true</uninitialized>
         <run_address>0x1d2e</run_address>
         <size>0x120</size>
         <input_file_ref idref="fl-65"/>
      </object_component>
      <object_component id="oc-5db">
         <name>.binit</name>
         <load_address>0xe000</load_address>
         <run_address>0xe000</run_address>
         <size>0x0</size>
      </object_component>
      <object_component id="oc-73">
         <name>.int45</name>
         <load_address>0xffda</load_address>
         <run_address>0xffda</run_address>
         <size>0x2</size>
         <input_file_ref idref="fl-2b"/>
      </object_component>
      <object_component id="oc-74">
         <name>.int46</name>
         <load_address>0xffdc</load_address>
         <run_address>0xffdc</run_address>
         <size>0x2</size>
         <input_file_ref idref="fl-2c"/>
      </object_component>
      <object_component id="oc-75">
         <name>.int48</name>
         <load_address>0xffe0</load_address>
         <run_address>0xffe0</run_address>
         <size>0x2</size>
         <input_file_ref idref="fl-2d"/>
      </object_component>
      <object_component id="oc-76">
         <name>.int49</name>
         <load_address>0xffe2</load_address>
         <run_address>0xffe2</run_address>
         <size>0x2</size>
         <input_file_ref idref="fl-2e"/>
      </object_component>
      <object_component id="oc-77">
         <name>.int50</name>
         <load_address>0xffe4</load_address>
         <run_address>0xffe4</run_address>
         <size>0x2</size>
         <input_file_ref idref="fl-2f"/>
      </object_component>
      <object_component id="oc-78">
         <name>.int51</name>
         <load_address>0xffe6</load_address>
         <run_address>0xffe6</run_address>
         <size>0x2</size>
         <input_file_ref idref="fl-30"/>
      </object_component>
      <object_component id="oc-79">
         <name>.int52</name>
         <load_address>0xffe8</load_address>
         <run_address>0xffe8</run_address>
         <size>0x2</size>
         <input_file_ref idref="fl-31"/>
      </object_component>
      <object_component id="oc-7a">
         <name>.int53</name>
         <load_address>0xffea</load_address>
         <run_address>0xffea</run_address>
         <size>0x2</size>
         <input_file_ref idref="fl-32"/>
      </object_component>
      <object_component id="oc-7b">
         <name>.int54</name>
         <load_address>0xffec</load_address>
         <run_address>0xffec</run_address>
         <size>0x2</size>
         <input_file_ref idref="fl-33"/>
      </object_component>
      <object_component id="oc-7c">
         <name>.int55</name>
         <load_address>0xffee</load_address>
         <run_address>0xffee</run_address>
         <size>0x2</size>
         <input_file_ref idref="fl-34"/>
      </object_component>
      <object_component id="oc-7d">
         <name>.int56</name>
         <load_address>0xfff0</load_address>
         <run_address>0xfff0</run_address>
         <size>0x2</size>
         <input_file_ref idref="fl-35"/>
      </object_component>
      <object_component id="oc-7e">
         <name>.int57</name>
         <load_address>0xfff2</load_address>
         <run_address>0xfff2</run_address>
         <size>0x2</size>
         <input_file_ref idref="fl-36"/>
      </object_component>
      <object_component id="oc-7f">
         <name>.int58</name>
         <load_address>0xfff4</load_address>
         <run_address>0xfff4</run_address>
         <size>0x2</size>
         <input_file_ref idref="fl-37"/>
      </object_component>
      <object_component id="oc-80">
         <name>.int59</name>
         <load_address>0xfff6</load_address>
         <run_address>0xfff6</run_address>
         <size>0x2</size>
         <input_file_ref idref="fl-38"/>
      </object_component>
      <object_component id="oc-81">
         <name>.int60</name>
         <load_address>0xfff8</load_address>
         <run_address>0xfff8</run_address>
         <size>0x2</size>
         <input_file_ref idref="fl-39"/>
      </object_component>
      <object_component id="oc-82">
         <name>.int61</name>
         <load_address>0xfffa</load_address>
         <run_address>0xfffa</run_address>
         <size>0x2</size>
         <input_file_ref idref="fl-3a"/>
      </object_component>
      <object_component id="oc-83">
         <name>.int62</name>
         <load_address>0xfffc</load_address>
         <run_address>0xfffc</run_address>
         <size>0x2</size>
         <input_file_ref idref="fl-3b"/>
      </object_component>
      <object_component id="oc-316">
         <name>.reset</name>
         <load_address>0xfffe</load_address>
         <run_address>0xfffe</run_address>
         <size>0x2</size>
         <input_file_ref idref="fl-23"/>
      </object_component>
      <object_component id="oc-484">
         <name>.debug_info</name>
         <load_address>0x0</load_address>
         <run_address>0x0</run_address>
         <size>0x17d</size>
         <input_file_ref idref="fl-2"/>
      </object_component>
      <object_component id="oc-35d">
         <name>.debug_info</name>
         <load_address>0x17d</load_address>
         <run_address>0x17d</run_address>
         <size>0xff</size>
         <input_file_ref idref="fl-2"/>
      </object_component>
      <object_component id="oc-320">
         <name>.debug_info</name>
         <load_address>0x27c</load_address>
         <run_address>0x27c</run_address>
         <size>0x84</size>
         <input_file_ref idref="fl-2"/>
      </object_component>
      <object_component id="oc-436">
         <name>.debug_info</name>
         <load_address>0x300</load_address>
         <run_address>0x300</run_address>
         <size>0x2c</size>
         <input_file_ref idref="fl-2"/>
      </object_component>
      <object_component id="oc-314">
         <name>.debug_info</name>
         <load_address>0x32c</load_address>
         <run_address>0x32c</run_address>
         <size>0xf5</size>
         <input_file_ref idref="fl-23"/>
      </object_component>
      <object_component id="oc-97">
         <name>.debug_info</name>
         <load_address>0x421</load_address>
         <run_address>0x421</run_address>
         <size>0x187</size>
         <input_file_ref idref="fl-24"/>
      </object_component>
      <object_component id="oc-69">
         <name>.debug_info</name>
         <load_address>0x5a8</load_address>
         <run_address>0x5a8</run_address>
         <size>0x2ad</size>
         <input_file_ref idref="fl-25"/>
      </object_component>
      <object_component id="oc-375">
         <name>.debug_info</name>
         <load_address>0x855</load_address>
         <run_address>0x855</run_address>
         <size>0x46</size>
         <input_file_ref idref="fl-25"/>
      </object_component>
      <object_component id="oc-31b">
         <name>.debug_info</name>
         <load_address>0x89b</load_address>
         <run_address>0x89b</run_address>
         <size>0x60</size>
         <input_file_ref idref="fl-25"/>
      </object_component>
      <object_component id="oc-330">
         <name>.debug_info</name>
         <load_address>0x8fb</load_address>
         <run_address>0x8fb</run_address>
         <size>0x1cf</size>
         <input_file_ref idref="fl-26"/>
      </object_component>
      <object_component id="oc-6e">
         <name>.debug_info</name>
         <load_address>0xaca</load_address>
         <run_address>0xaca</run_address>
         <size>0x1e7</size>
         <input_file_ref idref="fl-26"/>
      </object_component>
      <object_component id="oc-32b">
         <name>.debug_info</name>
         <load_address>0xcb1</load_address>
         <run_address>0xcb1</run_address>
         <size>0x46</size>
         <input_file_ref idref="fl-26"/>
      </object_component>
      <object_component id="oc-85">
         <name>.debug_info</name>
         <load_address>0xcf7</load_address>
         <run_address>0xcf7</run_address>
         <size>0x1b6</size>
         <input_file_ref idref="fl-27"/>
      </object_component>
      <object_component id="oc-337">
         <name>.debug_info</name>
         <load_address>0xead</load_address>
         <run_address>0xead</run_address>
         <size>0x46</size>
         <input_file_ref idref="fl-27"/>
      </object_component>
      <object_component id="oc-327">
         <name>.debug_info</name>
         <load_address>0xef3</load_address>
         <run_address>0xef3</run_address>
         <size>0x119</size>
         <input_file_ref idref="fl-28"/>
      </object_component>
      <object_component id="oc-39f">
         <name>.debug_info</name>
         <load_address>0x100c</load_address>
         <run_address>0x100c</run_address>
         <size>0x24f</size>
         <input_file_ref idref="fl-29"/>
      </object_component>
      <object_component id="oc-390">
         <name>.debug_info</name>
         <load_address>0x125b</load_address>
         <run_address>0x125b</run_address>
         <size>0x127</size>
         <input_file_ref idref="fl-29"/>
      </object_component>
      <object_component id="oc-365">
         <name>.debug_info</name>
         <load_address>0x1382</load_address>
         <run_address>0x1382</run_address>
         <size>0x117</size>
         <input_file_ref idref="fl-29"/>
      </object_component>
      <object_component id="oc-34f">
         <name>.debug_info</name>
         <load_address>0x1499</load_address>
         <run_address>0x1499</run_address>
         <size>0x18c</size>
         <input_file_ref idref="fl-29"/>
      </object_component>
      <object_component id="oc-3e4">
         <name>.debug_info</name>
         <load_address>0x1625</load_address>
         <run_address>0x1625</run_address>
         <size>0xf8</size>
         <input_file_ref idref="fl-2a"/>
      </object_component>
      <object_component id="oc-399">
         <name>.debug_info</name>
         <load_address>0x171d</load_address>
         <run_address>0x171d</run_address>
         <size>0x10f</size>
         <input_file_ref idref="fl-2a"/>
      </object_component>
      <object_component id="oc-396">
         <name>.debug_info</name>
         <load_address>0x182c</load_address>
         <run_address>0x182c</run_address>
         <size>0x10b</size>
         <input_file_ref idref="fl-2a"/>
      </object_component>
      <object_component id="oc-333">
         <name>.debug_info</name>
         <load_address>0x1937</load_address>
         <run_address>0x1937</run_address>
         <size>0x107</size>
         <input_file_ref idref="fl-3c"/>
      </object_component>
      <object_component id="oc-3b8">
         <name>.debug_info</name>
         <load_address>0x1a3e</load_address>
         <run_address>0x1a3e</run_address>
         <size>0x128</size>
         <input_file_ref idref="fl-3f"/>
      </object_component>
      <object_component id="oc-33e">
         <name>.debug_info</name>
         <load_address>0x1b66</load_address>
         <run_address>0x1b66</run_address>
         <size>0x148</size>
         <input_file_ref idref="fl-43"/>
      </object_component>
      <object_component id="oc-401">
         <name>.debug_info</name>
         <load_address>0x1cae</load_address>
         <run_address>0x1cae</run_address>
         <size>0x29c</size>
         <input_file_ref idref="fl-44"/>
      </object_component>
      <object_component id="oc-3f6">
         <name>.debug_info</name>
         <load_address>0x1f4a</load_address>
         <run_address>0x1f4a</run_address>
         <size>0x157</size>
         <input_file_ref idref="fl-44"/>
      </object_component>
      <object_component id="oc-3f0">
         <name>.debug_info</name>
         <load_address>0x20a1</load_address>
         <run_address>0x20a1</run_address>
         <size>0x15b</size>
         <input_file_ref idref="fl-44"/>
      </object_component>
      <object_component id="oc-3a5">
         <name>.debug_info</name>
         <load_address>0x21fc</load_address>
         <run_address>0x21fc</run_address>
         <size>0x179</size>
         <input_file_ref idref="fl-44"/>
      </object_component>
      <object_component id="oc-442">
         <name>.debug_info</name>
         <load_address>0x2375</load_address>
         <run_address>0x2375</run_address>
         <size>0xae</size>
         <input_file_ref idref="fl-44"/>
      </object_component>
      <object_component id="oc-3e1">
         <name>.debug_info</name>
         <load_address>0x2423</load_address>
         <run_address>0x2423</run_address>
         <size>0x158</size>
         <input_file_ref idref="fl-45"/>
      </object_component>
      <object_component id="oc-393">
         <name>.debug_info</name>
         <load_address>0x257b</load_address>
         <run_address>0x257b</run_address>
         <size>0xf4</size>
         <input_file_ref idref="fl-45"/>
      </object_component>
      <object_component id="oc-39c">
         <name>.debug_info</name>
         <load_address>0x266f</load_address>
         <run_address>0x266f</run_address>
         <size>0xf8</size>
         <input_file_ref idref="fl-45"/>
      </object_component>
      <object_component id="oc-3dc">
         <name>.debug_info</name>
         <load_address>0x2767</load_address>
         <run_address>0x2767</run_address>
         <size>0x123</size>
         <input_file_ref idref="fl-45"/>
      </object_component>
      <object_component id="oc-435">
         <name>.debug_info</name>
         <load_address>0x288a</load_address>
         <run_address>0x288a</run_address>
         <size>0x341</size>
         <input_file_ref idref="fl-46"/>
      </object_component>
      <object_component id="oc-472">
         <name>.debug_info</name>
         <load_address>0x2bcb</load_address>
         <run_address>0x2bcb</run_address>
         <size>0x290</size>
         <input_file_ref idref="fl-46"/>
      </object_component>
      <object_component id="oc-430">
         <name>.debug_info</name>
         <load_address>0x2e5b</load_address>
         <run_address>0x2e5b</run_address>
         <size>0x284</size>
         <input_file_ref idref="fl-46"/>
      </object_component>
      <object_component id="oc-3fc">
         <name>.debug_info</name>
         <load_address>0x30df</load_address>
         <run_address>0x30df</run_address>
         <size>0x2dc</size>
         <input_file_ref idref="fl-46"/>
      </object_component>
      <object_component id="oc-43b">
         <name>.debug_info</name>
         <load_address>0x33bb</load_address>
         <run_address>0x33bb</run_address>
         <size>0x86</size>
         <input_file_ref idref="fl-46"/>
      </object_component>
      <object_component id="oc-4aa">
         <name>.debug_info</name>
         <load_address>0x3441</load_address>
         <run_address>0x3441</run_address>
         <size>0x39</size>
         <input_file_ref idref="fl-46"/>
      </object_component>
      <object_component id="oc-47f">
         <name>.debug_info</name>
         <load_address>0x347a</load_address>
         <run_address>0x347a</run_address>
         <size>0x2c</size>
         <input_file_ref idref="fl-46"/>
      </object_component>
      <object_component id="oc-38c">
         <name>.debug_info</name>
         <load_address>0x34a6</load_address>
         <run_address>0x34a6</run_address>
         <size>0x3e1</size>
         <input_file_ref idref="fl-48"/>
      </object_component>
      <object_component id="oc-343">
         <name>.debug_info</name>
         <load_address>0x3887</load_address>
         <run_address>0x3887</run_address>
         <size>0x1e5</size>
         <input_file_ref idref="fl-48"/>
      </object_component>
      <object_component id="oc-3c6">
         <name>.debug_info</name>
         <load_address>0x3a6c</load_address>
         <run_address>0x3a6c</run_address>
         <size>0x39</size>
         <input_file_ref idref="fl-48"/>
      </object_component>
      <object_component id="oc-3cb">
         <name>.debug_info</name>
         <load_address>0x3aa5</load_address>
         <run_address>0x3aa5</run_address>
         <size>0xcd</size>
         <input_file_ref idref="fl-48"/>
      </object_component>
      <object_component id="oc-3c2">
         <name>.debug_info</name>
         <load_address>0x3b72</load_address>
         <run_address>0x3b72</run_address>
         <size>0x2ac</size>
         <input_file_ref idref="fl-49"/>
      </object_component>
      <object_component id="oc-381">
         <name>.debug_info</name>
         <load_address>0x3e1e</load_address>
         <run_address>0x3e1e</run_address>
         <size>0x20c</size>
         <input_file_ref idref="fl-49"/>
      </object_component>
      <object_component id="oc-40c">
         <name>.debug_info</name>
         <load_address>0x402a</load_address>
         <run_address>0x402a</run_address>
         <size>0x2c</size>
         <input_file_ref idref="fl-49"/>
      </object_component>
      <object_component id="oc-3ac">
         <name>.debug_info</name>
         <load_address>0x4056</load_address>
         <run_address>0x4056</run_address>
         <size>0x2c</size>
         <input_file_ref idref="fl-49"/>
      </object_component>
      <object_component id="oc-418">
         <name>.debug_info</name>
         <load_address>0x4082</load_address>
         <run_address>0x4082</run_address>
         <size>0x133</size>
         <input_file_ref idref="fl-4a"/>
      </object_component>
      <object_component id="oc-3ec">
         <name>.debug_info</name>
         <load_address>0x41b5</load_address>
         <run_address>0x41b5</run_address>
         <size>0xf7</size>
         <input_file_ref idref="fl-4a"/>
      </object_component>
      <object_component id="oc-509">
         <name>.debug_info</name>
         <load_address>0x42ac</load_address>
         <run_address>0x42ac</run_address>
         <size>0xff</size>
         <input_file_ref idref="fl-4a"/>
      </object_component>
      <object_component id="oc-4a5">
         <name>.debug_info</name>
         <load_address>0x43ab</load_address>
         <run_address>0x43ab</run_address>
         <size>0x119</size>
         <input_file_ref idref="fl-4b"/>
      </object_component>
      <object_component id="oc-466">
         <name>.debug_info</name>
         <load_address>0x44c4</load_address>
         <run_address>0x44c4</run_address>
         <size>0x250</size>
         <input_file_ref idref="fl-4c"/>
      </object_component>
      <object_component id="oc-422">
         <name>.debug_info</name>
         <load_address>0x4714</load_address>
         <run_address>0x4714</run_address>
         <size>0x1c5</size>
         <input_file_ref idref="fl-4c"/>
      </object_component>
      <object_component id="oc-464">
         <name>.debug_info</name>
         <load_address>0x48d9</load_address>
         <run_address>0x48d9</run_address>
         <size>0x314</size>
         <input_file_ref idref="fl-4d"/>
      </object_component>
      <object_component id="oc-41b">
         <name>.debug_info</name>
         <load_address>0x4bed</load_address>
         <run_address>0x4bed</run_address>
         <size>0x2bc</size>
         <input_file_ref idref="fl-4d"/>
      </object_component>
      <object_component id="oc-4b0">
         <name>.debug_info</name>
         <load_address>0x4ea9</load_address>
         <run_address>0x4ea9</run_address>
         <size>0x163</size>
         <input_file_ref idref="fl-4f"/>
      </object_component>
      <object_component id="oc-477">
         <name>.debug_info</name>
         <load_address>0x500c</load_address>
         <run_address>0x500c</run_address>
         <size>0x1ab</size>
         <input_file_ref idref="fl-4f"/>
      </object_component>
      <object_component id="oc-494">
         <name>.debug_info</name>
         <load_address>0x51b7</load_address>
         <run_address>0x51b7</run_address>
         <size>0x16d</size>
         <input_file_ref idref="fl-50"/>
      </object_component>
      <object_component id="oc-452">
         <name>.debug_info</name>
         <load_address>0x5324</load_address>
         <run_address>0x5324</run_address>
         <size>0x235</size>
         <input_file_ref idref="fl-50"/>
      </object_component>
      <object_component id="oc-409">
         <name>.debug_info</name>
         <load_address>0x5559</load_address>
         <run_address>0x5559</run_address>
         <size>0x16d</size>
         <input_file_ref idref="fl-51"/>
      </object_component>
      <object_component id="oc-3bc">
         <name>.debug_info</name>
         <load_address>0x56c6</load_address>
         <run_address>0x56c6</run_address>
         <size>0x191</size>
         <input_file_ref idref="fl-51"/>
      </object_component>
      <object_component id="oc-4a3">
         <name>.debug_info</name>
         <load_address>0x5857</load_address>
         <run_address>0x5857</run_address>
         <size>0x162</size>
         <input_file_ref idref="fl-52"/>
      </object_component>
      <object_component id="oc-46d">
         <name>.debug_info</name>
         <load_address>0x59b9</load_address>
         <run_address>0x59b9</run_address>
         <size>0x25a</size>
         <input_file_ref idref="fl-52"/>
      </object_component>
      <object_component id="oc-386">
         <name>.debug_info</name>
         <load_address>0x5c13</load_address>
         <run_address>0x5c13</run_address>
         <size>0x145</size>
         <input_file_ref idref="fl-54"/>
      </object_component>
      <object_component id="oc-468">
         <name>.debug_info</name>
         <load_address>0x5d58</load_address>
         <run_address>0x5d58</run_address>
         <size>0x157</size>
         <input_file_ref idref="fl-55"/>
      </object_component>
      <object_component id="oc-42a">
         <name>.debug_info</name>
         <load_address>0x5eaf</load_address>
         <run_address>0x5eaf</run_address>
         <size>0x215</size>
         <input_file_ref idref="fl-55"/>
      </object_component>
      <object_component id="oc-49b">
         <name>.debug_info</name>
         <load_address>0x60c4</load_address>
         <run_address>0x60c4</run_address>
         <size>0x39d</size>
         <input_file_ref idref="fl-56"/>
      </object_component>
      <object_component id="oc-4db">
         <name>.debug_info</name>
         <load_address>0x6461</load_address>
         <run_address>0x6461</run_address>
         <size>0xf8</size>
         <input_file_ref idref="fl-56"/>
      </object_component>
      <object_component id="oc-498">
         <name>.debug_info</name>
         <load_address>0x6559</load_address>
         <run_address>0x6559</run_address>
         <size>0xf8</size>
         <input_file_ref idref="fl-56"/>
      </object_component>
      <object_component id="oc-45e">
         <name>.debug_info</name>
         <load_address>0x6651</load_address>
         <run_address>0x6651</run_address>
         <size>0x17e</size>
         <input_file_ref idref="fl-56"/>
      </object_component>
      <object_component id="oc-4e1">
         <name>.debug_info</name>
         <load_address>0x67cf</load_address>
         <run_address>0x67cf</run_address>
         <size>0x120</size>
         <input_file_ref idref="fl-56"/>
      </object_component>
      <object_component id="oc-4e6">
         <name>.debug_info</name>
         <load_address>0x68ef</load_address>
         <run_address>0x68ef</run_address>
         <size>0x2c</size>
         <input_file_ref idref="fl-56"/>
      </object_component>
      <object_component id="oc-492">
         <name>.debug_info</name>
         <load_address>0x691b</load_address>
         <run_address>0x691b</run_address>
         <size>0x1c2</size>
         <input_file_ref idref="fl-57"/>
      </object_component>
      <object_component id="oc-44e">
         <name>.debug_info</name>
         <load_address>0x6add</load_address>
         <run_address>0x6add</run_address>
         <size>0x18b</size>
         <input_file_ref idref="fl-57"/>
      </object_component>
      <object_component id="oc-4cf">
         <name>.debug_info</name>
         <load_address>0x6c68</load_address>
         <run_address>0x6c68</run_address>
         <size>0xbb</size>
         <input_file_ref idref="fl-57"/>
      </object_component>
      <object_component id="oc-496">
         <name>.debug_info</name>
         <load_address>0x6d23</load_address>
         <run_address>0x6d23</run_address>
         <size>0x214</size>
         <input_file_ref idref="fl-58"/>
      </object_component>
      <object_component id="oc-458">
         <name>.debug_info</name>
         <load_address>0x6f37</load_address>
         <run_address>0x6f37</run_address>
         <size>0x179</size>
         <input_file_ref idref="fl-58"/>
      </object_component>
      <object_component id="oc-4ba">
         <name>.debug_info</name>
         <load_address>0x70b0</load_address>
         <run_address>0x70b0</run_address>
         <size>0x1f1</size>
         <input_file_ref idref="fl-59"/>
      </object_component>
      <object_component id="oc-486">
         <name>.debug_info</name>
         <load_address>0x72a1</load_address>
         <run_address>0x72a1</run_address>
         <size>0x1de</size>
         <input_file_ref idref="fl-59"/>
      </object_component>
      <object_component id="oc-563">
         <name>.debug_info</name>
         <load_address>0x747f</load_address>
         <run_address>0x747f</run_address>
         <size>0x240</size>
         <input_file_ref idref="fl-5a"/>
      </object_component>
      <object_component id="oc-517">
         <name>.debug_info</name>
         <load_address>0x76bf</load_address>
         <run_address>0x76bf</run_address>
         <size>0x1b1</size>
         <input_file_ref idref="fl-5a"/>
      </object_component>
      <object_component id="oc-573">
         <name>.debug_info</name>
         <load_address>0x7870</load_address>
         <run_address>0x7870</run_address>
         <size>0x245</size>
         <input_file_ref idref="fl-5b"/>
      </object_component>
      <object_component id="oc-527">
         <name>.debug_info</name>
         <load_address>0x7ab5</load_address>
         <run_address>0x7ab5</run_address>
         <size>0x240</size>
         <input_file_ref idref="fl-5b"/>
      </object_component>
      <object_component id="oc-553">
         <name>.debug_info</name>
         <load_address>0x7cf5</load_address>
         <run_address>0x7cf5</run_address>
         <size>0x2a3</size>
         <input_file_ref idref="fl-5c"/>
      </object_component>
      <object_component id="oc-50f">
         <name>.debug_info</name>
         <load_address>0x7f98</load_address>
         <run_address>0x7f98</run_address>
         <size>0x201</size>
         <input_file_ref idref="fl-5c"/>
      </object_component>
      <object_component id="oc-565">
         <name>.debug_info</name>
         <load_address>0x8199</load_address>
         <run_address>0x8199</run_address>
         <size>0x244</size>
         <input_file_ref idref="fl-5d"/>
      </object_component>
      <object_component id="oc-51d">
         <name>.debug_info</name>
         <load_address>0x83dd</load_address>
         <run_address>0x83dd</run_address>
         <size>0x1f0</size>
         <input_file_ref idref="fl-5d"/>
      </object_component>
      <object_component id="oc-57d">
         <name>.debug_info</name>
         <load_address>0x85cd</load_address>
         <run_address>0x85cd</run_address>
         <size>0x2cb</size>
         <input_file_ref idref="fl-5e"/>
      </object_component>
      <object_component id="oc-536">
         <name>.debug_info</name>
         <load_address>0x8898</load_address>
         <run_address>0x8898</run_address>
         <size>0x22b</size>
         <input_file_ref idref="fl-5e"/>
      </object_component>
      <object_component id="oc-575">
         <name>.debug_info</name>
         <load_address>0x8ac3</load_address>
         <run_address>0x8ac3</run_address>
         <size>0x296</size>
         <input_file_ref idref="fl-5f"/>
      </object_component>
      <object_component id="oc-52f">
         <name>.debug_info</name>
         <load_address>0x8d59</load_address>
         <run_address>0x8d59</run_address>
         <size>0x1bb</size>
         <input_file_ref idref="fl-5f"/>
      </object_component>
      <object_component id="oc-567">
         <name>.debug_info</name>
         <load_address>0x8f14</load_address>
         <run_address>0x8f14</run_address>
         <size>0x245</size>
         <input_file_ref idref="fl-60"/>
      </object_component>
      <object_component id="oc-521">
         <name>.debug_info</name>
         <load_address>0x9159</load_address>
         <run_address>0x9159</run_address>
         <size>0x1f5</size>
         <input_file_ref idref="fl-60"/>
      </object_component>
      <object_component id="oc-4f1">
         <name>.debug_info</name>
         <load_address>0x934e</load_address>
         <run_address>0x934e</run_address>
         <size>0x264</size>
         <input_file_ref idref="fl-61"/>
      </object_component>
      <object_component id="oc-4b4">
         <name>.debug_info</name>
         <load_address>0x95b2</load_address>
         <run_address>0x95b2</run_address>
         <size>0x189</size>
         <input_file_ref idref="fl-61"/>
      </object_component>
      <object_component id="oc-56f">
         <name>.debug_info</name>
         <load_address>0x973b</load_address>
         <run_address>0x973b</run_address>
         <size>0x11e</size>
         <input_file_ref idref="fl-62"/>
      </object_component>
      <object_component id="oc-4ce">
         <name>.debug_info</name>
         <load_address>0x9859</load_address>
         <run_address>0x9859</run_address>
         <size>0x232</size>
         <input_file_ref idref="fl-63"/>
      </object_component>
      <object_component id="oc-48e">
         <name>.debug_info</name>
         <load_address>0x9a8b</load_address>
         <run_address>0x9a8b</run_address>
         <size>0x1f3</size>
         <input_file_ref idref="fl-63"/>
      </object_component>
      <object_component id="oc-59f">
         <name>.debug_info</name>
         <load_address>0x9c7e</load_address>
         <run_address>0x9c7e</run_address>
         <size>0x162</size>
         <input_file_ref idref="fl-64"/>
      </object_component>
      <object_component id="oc-579">
         <name>.debug_info</name>
         <load_address>0x9de0</load_address>
         <run_address>0x9de0</run_address>
         <size>0x231</size>
         <input_file_ref idref="fl-64"/>
      </object_component>
      <object_component id="oc-590">
         <name>.debug_info</name>
         <load_address>0xa011</load_address>
         <run_address>0xa011</run_address>
         <size>0x188</size>
         <input_file_ref idref="fl-65"/>
      </object_component>
      <object_component id="oc-58d">
         <name>.debug_info</name>
         <load_address>0xa199</load_address>
         <run_address>0xa199</run_address>
         <size>0xfb</size>
         <input_file_ref idref="fl-65"/>
      </object_component>
      <object_component id="oc-557">
         <name>.debug_info</name>
         <load_address>0xa294</load_address>
         <run_address>0xa294</run_address>
         <size>0x1d4</size>
         <input_file_ref idref="fl-65"/>
      </object_component>
      <object_component id="oc-55c">
         <name>.debug_info</name>
         <load_address>0xa468</load_address>
         <run_address>0xa468</run_address>
         <size>0x18f</size>
         <input_file_ref idref="fl-65"/>
      </object_component>
      <object_component id="oc-56a">
         <name>.debug_info</name>
         <load_address>0xa5f7</load_address>
         <run_address>0xa5f7</run_address>
         <size>0x11e</size>
         <input_file_ref idref="fl-66"/>
      </object_component>
      <object_component id="oc-4c9">
         <name>.debug_info</name>
         <load_address>0xa715</load_address>
         <run_address>0xa715</run_address>
         <size>0x16b</size>
         <input_file_ref idref="fl-67"/>
      </object_component>
      <object_component id="oc-374">
         <name>.debug_info</name>
         <load_address>0xa880</load_address>
         <run_address>0xa880</run_address>
         <size>0x232</size>
         <input_file_ref idref="fl-68"/>
      </object_component>
      <object_component id="oc-318">
         <name>.debug_info</name>
         <load_address>0xaab2</load_address>
         <run_address>0xaab2</run_address>
         <size>0x101</size>
         <input_file_ref idref="fl-68"/>
      </object_component>
      <object_component id="oc-4f5">
         <name>.debug_info</name>
         <load_address>0xabb3</load_address>
         <run_address>0xabb3</run_address>
         <size>0x138</size>
         <input_file_ref idref="fl-68"/>
      </object_component>
      <object_component id="oc-4f9">
         <name>.debug_info</name>
         <load_address>0xaceb</load_address>
         <run_address>0xaceb</run_address>
         <size>0xfe</size>
         <input_file_ref idref="fl-68"/>
      </object_component>
      <object_component id="oc-4bd">
         <name>.debug_info</name>
         <load_address>0xade9</load_address>
         <run_address>0xade9</run_address>
         <size>0x1a0</size>
         <input_file_ref idref="fl-68"/>
      </object_component>
      <object_component id="oc-4fd">
         <name>.debug_info</name>
         <load_address>0xaf89</load_address>
         <run_address>0xaf89</run_address>
         <size>0x130</size>
         <input_file_ref idref="fl-68"/>
      </object_component>
      <object_component id="oc-4c3">
         <name>.debug_info</name>
         <load_address>0xb0b9</load_address>
         <run_address>0xb0b9</run_address>
         <size>0x1c1</size>
         <input_file_ref idref="fl-68"/>
      </object_component>
      <object_component id="oc-402">
         <name>.debug_info</name>
         <load_address>0xb27a</load_address>
         <run_address>0xb27a</run_address>
         <size>0x2c</size>
         <input_file_ref idref="fl-68"/>
      </object_component>
      <object_component id="oc-3b1">
         <name>.debug_info</name>
         <load_address>0xb2a6</load_address>
         <run_address>0xb2a6</run_address>
         <size>0x6f</size>
         <input_file_ref idref="fl-68"/>
      </object_component>
      <object_component id="oc-54f">
         <name>.debug_info</name>
         <load_address>0xb315</load_address>
         <run_address>0xb315</run_address>
         <size>0x272</size>
         <input_file_ref idref="fl-6a"/>
      </object_component>
      <object_component id="oc-504">
         <name>.debug_info</name>
         <load_address>0xb587</load_address>
         <run_address>0xb587</run_address>
         <size>0x1e2</size>
         <input_file_ref idref="fl-6a"/>
      </object_component>
      <object_component id="oc-5b7">
         <name>.debug_info</name>
         <load_address>0xb769</load_address>
         <run_address>0xb769</run_address>
         <size>0x2ef</size>
         <input_file_ref idref="fl-6b"/>
      </object_component>
      <object_component id="oc-5b2">
         <name>.debug_info</name>
         <load_address>0xba58</load_address>
         <run_address>0xba58</run_address>
         <size>0x187</size>
         <input_file_ref idref="fl-6b"/>
      </object_component>
      <object_component id="oc-581">
         <name>.debug_info</name>
         <load_address>0xbbdf</load_address>
         <run_address>0xbbdf</run_address>
         <size>0x1e0</size>
         <input_file_ref idref="fl-6b"/>
      </object_component>
      <object_component id="oc-5ba">
         <name>.debug_info</name>
         <load_address>0xbdbf</load_address>
         <run_address>0xbdbf</run_address>
         <size>0xea</size>
         <input_file_ref idref="fl-6b"/>
      </object_component>
      <object_component id="oc-5c6">
         <name>.debug_info</name>
         <load_address>0xbea9</load_address>
         <run_address>0xbea9</run_address>
         <size>0x167</size>
         <input_file_ref idref="fl-6d"/>
      </object_component>
      <object_component id="oc-5a5">
         <name>.debug_info</name>
         <load_address>0xc010</load_address>
         <run_address>0xc010</run_address>
         <size>0x24a</size>
         <input_file_ref idref="fl-6d"/>
      </object_component>
      <object_component id="oc-5d7">
         <name>.debug_info</name>
         <load_address>0xc25a</load_address>
         <run_address>0xc25a</run_address>
         <size>0x157</size>
         <input_file_ref idref="fl-6e"/>
      </object_component>
      <object_component id="oc-5ca">
         <name>.debug_info</name>
         <load_address>0xc3b1</load_address>
         <run_address>0xc3b1</run_address>
         <size>0x258</size>
         <input_file_ref idref="fl-6e"/>
      </object_component>
      <object_component id="oc-5c8">
         <name>.debug_info</name>
         <load_address>0xc609</load_address>
         <run_address>0xc609</run_address>
         <size>0x163</size>
         <input_file_ref idref="fl-6f"/>
      </object_component>
      <object_component id="oc-5ad">
         <name>.debug_info</name>
         <load_address>0xc76c</load_address>
         <run_address>0xc76c</run_address>
         <size>0x24a</size>
         <input_file_ref idref="fl-6f"/>
      </object_component>
      <object_component id="oc-587">
         <name>.debug_info</name>
         <load_address>0xc9b6</load_address>
         <run_address>0xc9b6</run_address>
         <size>0x29e</size>
         <input_file_ref idref="fl-70"/>
      </object_component>
      <object_component id="oc-549">
         <name>.debug_info</name>
         <load_address>0xcc54</load_address>
         <run_address>0xcc54</run_address>
         <size>0x19a</size>
         <input_file_ref idref="fl-70"/>
      </object_component>
      <object_component id="oc-57f">
         <name>.debug_info</name>
         <load_address>0xcdee</load_address>
         <run_address>0xcdee</run_address>
         <size>0x29c</size>
         <input_file_ref idref="fl-71"/>
      </object_component>
      <object_component id="oc-542">
         <name>.debug_info</name>
         <load_address>0xd08a</load_address>
         <run_address>0xd08a</run_address>
         <size>0x17d</size>
         <input_file_ref idref="fl-71"/>
      </object_component>
      <object_component id="oc-646">
         <name>.debug_info</name>
         <load_address>0xd207</load_address>
         <run_address>0xd207</run_address>
         <size>0x9e</size>
      </object_component>
      <object_component id="oc-4b2">
         <name>.debug_line</name>
         <load_address>0x0</load_address>
         <run_address>0x0</run_address>
         <size>0x9b</size>
         <input_file_ref idref="fl-2"/>
      </object_component>
      <object_component id="oc-360">
         <name>.debug_line</name>
         <load_address>0x9b</load_address>
         <run_address>0x9b</run_address>
         <size>0x42</size>
         <input_file_ref idref="fl-2"/>
      </object_component>
      <object_component id="oc-323">
         <name>.debug_line</name>
         <load_address>0xdd</load_address>
         <run_address>0xdd</run_address>
         <size>0x20</size>
         <input_file_ref idref="fl-2"/>
      </object_component>
      <object_component id="oc-439">
         <name>.debug_line</name>
         <load_address>0xfd</load_address>
         <run_address>0xfd</run_address>
         <size>0x68</size>
[...]
      </symbol>
      <symbol id="sm-251">
         <name>__TI_Handler_Table_Limit</name>
         <value>0xf222</value>
      </symbol>
      <symbol id="sm-252">
         <name>__STACK_SIZE</name>
         <value>0x50</value>
      </symbol>
      <symbol id="sm-253">
         <name>__STACK_END</name>
         <value>0x23fc</value>
      </symbol>
      <symbol id="sm-254">
         <name>__SYSMEM_SIZE</name>
         <value>0x50</value>
      </symbol>
      <symbol id="sm-255">
         <name>__c_args__</name>
         <value>0xffffffff</value>
      </symbol>
      <symbol id="sm-256">
         <name>__TI_pprof_out_hndl</name>
         <value>0xffffffff</value>
      </symbol>
      <symbol id="sm-257">
         <name>__TI_prof_data_start</name>
         <value>0xffffffff</value>
      </symbol>
      <symbol id="sm-258">
         <name>__TI_prof_data_size</name>
         <value>0xffffffff</value>
      </symbol>
      <symbol id="sm-2cc">
         <name>main</name>
         <value>0xf0ce</value>
         <object_component_ref idref="oc-35c"/>
      </symbol>
      <symbol id="sm-2d4">
         <name>_stack</name>
         <value>0x23ac</value>
         <object_component_ref idref="oc-313"/>
      </symbol>
      <symbol id="sm-2d5">
         <name>_reset_vector</name>
         <value>0xfffe</value>
         <object_component_ref idref="oc-316"/>
      </symbol>
      <symbol id="sm-2df">
         <name>_c_int00_noargs</name>
         <value>0xf07e</value>
         <object_component_ref idref="oc-96"/>
      </symbol>
      <symbol id="sm-2fb">
         <name>__TI_decompress_lzss</name>
         <value>0xe10e</value>
         <object_component_ref idref="oc-67"/>
      </symbol>
      <symbol id="sm-30c">
         <name>__TI_decompress_none</name>
         <value>0xeeb0</value>
         <object_component_ref idref="oc-6d"/>
      </symbol>
      <symbol id="sm-31c">
         <name>__TI_zero_init</name>
         <value>0xedf6</value>
         <object_component_ref idref="oc-84"/>
      </symbol>
      <symbol id="sm-327">
         <name>__memcpy_far</name>
         <value>0xed76</value>
         <object_component_ref idref="oc-325"/>
      </symbol>
      <symbol id="sm-344">
         <name>C$$EXIT</name>
         <value>0xf192</value>
         <object_component_ref idref="oc-364"/>
      </symbol>
      <symbol id="sm-345">
         <name>abort</name>
         <value>0xf192</value>
         <object_component_ref idref="oc-364"/>
      </symbol>
      <symbol id="sm-346">
         <name>exit</name>
         <value>0xeca6</value>
         <object_component_ref idref="oc-34e"/>
      </symbol>
      <symbol id="sm-347">
         <name>__TI_enable_exit_profile_output</name>
         <value>0x1d2a</value>
         <object_component_ref idref="oc-38f"/>
      </symbol>
      <symbol id="sm-356">
         <name>__TI_dtors_ptr</name>
         <value>0x1d1c</value>
         <object_component_ref idref="oc-395"/>
      </symbol>
      <symbol id="sm-357">
         <name>__TI_cleanup_ptr</name>
         <value>0x1d18</value>
         <object_component_ref idref="oc-398"/>
      </symbol>
      <symbol id="sm-35a">
         <name>__TI_int45</name>
         <value>0xffda</value>
         <object_component_ref idref="oc-73"/>
      </symbol>
      <symbol id="sm-35d">
         <name>__TI_int46</name>
         <value>0xffdc</value>
         <object_component_ref idref="oc-74"/>
      </symbol>
      <symbol id="sm-360">
         <name>__TI_int48</name>
         <value>0xffe0</value>
         <object_component_ref idref="oc-75"/>
      </symbol>
      <symbol id="sm-363">
         <name>__TI_int49</name>
         <value>0xffe2</value>
         <object_component_ref idref="oc-76"/>
      </symbol>
      <symbol id="sm-366">
         <name>__TI_int50</name>
         <value>0xffe4</value>
         <object_component_ref idref="oc-77"/>
      </symbol>
      <symbol id="sm-369">
         <name>__TI_int51</name>
         <value>0xffe6</value>
         <object_component_ref idref="oc-78"/>
      </symbol>
      <symbol id="sm-36c">
         <name>__TI_int52</name>
         <value>0xffe8</value>
         <object_component_ref idref="oc-79"/>
      </symbol>
      <symbol id="sm-36f">
         <name>__TI_int53</name>
         <value>0xffea</value>
         <object_component_ref idref="oc-7a"/>
      </symbol>
      <symbol id="sm-372">
         <name>__TI_int54</name>
         <value>0xffec</value>
         <object_component_ref idref="oc-7b"/>
      </symbol>
      <symbol id="sm-375">
         <name>__TI_int55</name>
         <value>0xffee</value>
         <object_component_ref idref="oc-7c"/>
      </symbol>
      <symbol id="sm-378">
         <name>__TI_int56</name>
         <value>0xfff0</value>
         <object_component_ref idref="oc-7d"/>
      </symbol>
      <symbol id="sm-37b">
         <name>__TI_int57</name>
         <value>0xfff2</value>
         <object_component_ref idref="oc-7e"/>
      </symbol>
      <symbol id="sm-37e">
         <name>__TI_int58</name>
         <value>0xfff4</value>
         <object_component_ref idref="oc-7f"/>
      </symbol>
      <symbol id="sm-381">
         <name>__TI_int59</name>
         <value>0xfff6</value>
         <object_component_ref idref="oc-80"/>
      </symbol>
      <symbol id="sm-384">
         <name>__TI_int60</name>
         <value>0xfff8</value>
         <object_component_ref idref="oc-81"/>
      </symbol>
      <symbol id="sm-387">
         <name>__TI_int61</name>
         <value>0xfffa</value>
         <object_component_ref idref="oc-82"/>
      </symbol>
      <symbol id="sm-38a">
         <name>__TI_int62</name>
         <value>0xfffc</value>
         <object_component_ref idref="oc-83"/>
      </symbol>
      <symbol id="sm-392">
         <name>__TI_ISR_TRAP</name>
         <value>0xf184</value>
         <object_component_ref idref="oc-331"/>
      </symbol>
      <symbol id="sm-39c">
         <name>__mspabi_mpyi_f5hw</name>
         <value>0xf0e6</value>
         <object_component_ref idref="oc-3b6"/>
      </symbol>
      <symbol id="sm-3a8">
         <name>_system_pre_init</name>
         <value>0xf19c</value>
         <object_component_ref idref="oc-33c"/>
      </symbol>
      <symbol id="sm-3cb">
         <name>printf</name>
         <value>0xedb6</value>
         <object_component_ref idref="oc-3a2"/>
      </symbol>
      <symbol id="sm-3e1">
         <name>_nop</name>
         <value>0xf1a0</value>
         <object_component_ref idref="oc-3d9"/>
      </symbol>
      <symbol id="sm-3e2">
         <name>_lock</name>
         <value>0x1d20</value>
         <object_component_ref idref="oc-392"/>
      </symbol>
      <symbol id="sm-3e3">
         <name>_unlock</name>
         <value>0x1d24</value>
         <object_component_ref idref="oc-39b"/>
      </symbol>
      <symbol id="sm-42f">
         <name>__TI_printfi_minimal</name>
         <value>0xe2da</value>
         <object_component_ref idref="oc-3fa"/>
      </symbol>
      <symbol id="sm-44c">
         <name>_auto_init</name>
         <value>0xe7cc</value>
         <object_component_ref idref="oc-342"/>
      </symbol>
      <symbol id="sm-468">
         <name>copy_in</name>
         <value>0xe544</value>
         <object_component_ref idref="oc-37f"/>
      </symbol>
      <symbol id="sm-478">
         <name>__TI_tmpnams</name>
         <value>0x1e4e</value>
      </symbol>
      <symbol id="sm-479">
         <name>_ftable</name>
         <value>0x1c78</value>
         <object_component_ref idref="oc-3eb"/>
      </symbol>
      <symbol id="sm-47a">
         <name>__TI_ft_end</name>
         <value>0x1d28</value>
         <object_component_ref idref="oc-508"/>
      </symbol>
      <symbol id="sm-484">
         <name>__mspabi_remu</name>
         <value>0xf116</value>
         <object_component_ref idref="oc-4a4"/>
      </symbol>
      <symbol id="sm-485">
         <name>__mspabi_divu</name>
         <value>0xf116</value>
         <object_component_ref idref="oc-4a4"/>
      </symbol>
      <symbol id="sm-498">
         <name>putc</name>
         <value>0xe740</value>
         <object_component_ref idref="oc-421"/>
      </symbol>
      <symbol id="sm-499">
         <name>fputc</name>
         <value>0xe740</value>
         <object_component_ref idref="oc-421"/>
      </symbol>
      <symbol id="sm-4b1">
         <name>fputs</name>
         <value>0xe1fc</value>
         <object_component_ref idref="oc-41a"/>
      </symbol>
      <symbol id="sm-4c1">
         <name>memccpy</name>
         <value>0xf09a</value>
         <object_component_ref idref="oc-476"/>
      </symbol>
      <symbol id="sm-4d0">
         <name>memchr</name>
         <value>0xf12c</value>
         <object_component_ref idref="oc-451"/>
      </symbol>
      <symbol id="sm-4de">
         <name>memcpy</name>
         <value>0xf154</value>
         <object_component_ref idref="oc-3bb"/>
      </symbol>
      <symbol id="sm-4ec">
         <name>memset</name>
         <value>0xf140</value>
         <object_component_ref idref="oc-469"/>
      </symbol>
      <symbol id="sm-4f6">
         <name>_system_post_cinit</name>
         <value>0xf1a2</value>
         <object_component_ref idref="oc-385"/>
      </symbol>
      <symbol id="sm-503">
         <name>strlen</name>
         <value>0xf176</value>
         <object_component_ref idref="oc-428"/>
      </symbol>
      <symbol id="sm-524">
         <name>_stream</name>
         <value>0x1cf0</value>
         <object_component_ref idref="oc-497"/>
      </symbol>
      <symbol id="sm-525">
         <name>_device</name>
         <value>0x1c00</value>
         <object_component_ref idref="oc-4da"/>
      </symbol>
      <symbol id="sm-526">
         <name>write</name>
         <value>0xf05a</value>
         <object_component_ref idref="oc-45d"/>
      </symbol>
      <symbol id="sm-53e">
         <name>__TI_wrt_ok</name>
         <value>0xe8ce</value>
         <object_component_ref idref="oc-44b"/>
      </symbol>
      <symbol id="sm-54f">
         <name>__TI_doflush</name>
         <value>0xeae8</value>
         <object_component_ref idref="oc-457"/>
      </symbol>
      <symbol id="sm-55f">
         <name>fseek</name>
         <value>0xe9b2</value>
         <object_component_ref idref="oc-485"/>
      </symbol>
      <symbol id="sm-56b">
         <name>HOSTclose</name>
         <value>0xecee</value>
         <object_component_ref idref="oc-514"/>
      </symbol>
      <symbol id="sm-577">
         <name>HOSTlseek</name>
         <value>0xe6a4</value>
         <object_component_ref idref="oc-526"/>
      </symbol>
      <symbol id="sm-585">
         <name>parmbuf</name>
         <value>0x1eee</value>
      </symbol>
      <symbol id="sm-586">
         <name>HOSTopen</name>
         <value>0xea84</value>
         <object_component_ref idref="oc-50e"/>
      </symbol>
      <symbol id="sm-593">
         <name>HOSTread</name>
         <value>0xebaa</value>
         <object_component_ref idref="oc-51a"/>
      </symbol>
      <symbol id="sm-59f">
         <name>HOSTrename</name>
         <value>0xe948</value>
         <object_component_ref idref="oc-532"/>
      </symbol>
      <symbol id="sm-5ab">
         <name>HOSTunlink</name>
         <value>0xed34</value>
         <object_component_ref idref="oc-52c"/>
      </symbol>
      <symbol id="sm-5b8">
         <name>HOSTwrite</name>
         <value>0xeb4a</value>
         <object_component_ref idref="oc-520"/>
      </symbol>
      <symbol id="sm-5c5">
         <name>lseek</name>
         <value>0xf034</value>
         <object_component_ref idref="oc-4b3"/>
      </symbol>
      <symbol id="sm-5cd">
         <name>__mspabi_slll_9</name>
         <value>0xee8a</value>
         <object_component_ref idref="oc-56d"/>
      </symbol>
      <symbol id="sm-5ce">
         <name>__mspabi_slll_8</name>
         <value>0xee8e</value>
         <object_component_ref idref="oc-56d"/>
      </symbol>
      <symbol id="sm-5cf">
         <name>__mspabi_slll_7</name>
         <value>0xee92</value>
         <object_component_ref idref="oc-56d"/>
      </symbol>
      <symbol id="sm-5d0">
         <name>__mspabi_slll_6</name>
         <value>0xee96</value>
         <object_component_ref idref="oc-56d"/>
      </symbol>
      <symbol id="sm-5d1">
         <name>__mspabi_slll_5</name>
         <value>0xee9a</value>
         <object_component_ref idref="oc-56d"/>
      </symbol>
      <symbol id="sm-5d2">
         <name>__mspabi_slll_4</name>
         <value>0xee9e</value>
         <object_component_ref idref="oc-56d"/>
      </symbol>
      <symbol id="sm-5d3">
         <name>__mspabi_slll_3</name>
         <value>0xeea2</value>
         <object_component_ref idref="oc-56d"/>
      </symbol>
      <symbol id="sm-5d4">
         <name>__mspabi_slll_2</name>
         <value>0xeea6</value>
         <object_component_ref idref="oc-56d"/>
      </symbol>
      <symbol id="sm-5d5">
         <name>__mspabi_slll_1</name>
         <value>0xeeaa</value>
         <object_component_ref idref="oc-56d"/>
      </symbol>
      <symbol id="sm-5d6">
         <name>__mspabi_slll_15</name>
         <value>0xee72</value>
         <object_component_ref idref="oc-56d"/>
      </symbol>
      <symbol id="sm-5d7">
         <name>__mspabi_slll_14</name>
         <value>0xee76</value>
         <object_component_ref idref="oc-56d"/>
      </symbol>
      <symbol id="sm-5d8">
         <name>__mspabi_slll_13</name>
         <value>0xee7a</value>
         <object_component_ref idref="oc-56d"/>
      </symbol>
      <symbol id="sm-5d9">
         <name>__mspabi_slll_12</name>
         <value>0xee7e</value>
         <object_component_ref idref="oc-56d"/>
      </symbol>
      <symbol id="sm-5da">
         <name>__mspabi_slll_11</name>
         <value>0xee82</value>
         <object_component_ref idref="oc-56d"/>
      </symbol>
      <symbol id="sm-5db">
         <name>__mspabi_slll_10</name>
         <value>0xee86</value>
         <object_component_ref idref="oc-56d"/>
      </symbol>
      <symbol id="sm-5f3">
         <name>setvbuf</name>
         <value>0xe3b4</value>
         <object_component_ref idref="oc-48b"/>
      </symbol>
      <symbol id="sm-600">
         <name>strcpy</name>
         <value>0xf166</value>
         <object_component_ref idref="oc-576"/>
      </symbol>
      <symbol id="sm-61e">
         <name>__TI_readmsg</name>
         <value>0xefb2</value>
         <object_component_ref idref="oc-55b"/>
      </symbol>
      <symbol id="sm-61f">
         <name>C$$IO$$</name>
         <value>0xef80</value>
         <object_component_ref idref="oc-555"/>
      </symbol>
      <symbol id="sm-620">
         <name>_CIOBUF_</name>
         <value>0x1d2e</value>
         <object_component_ref idref="oc-58c"/>
      </symbol>
      <symbol id="sm-621">
         <name>__TI_writemsg</name>
         <value>0xef56</value>
         <object_component_ref idref="oc-555"/>
      </symbol>
      <symbol id="sm-629">
         <name>__mspabi_sral_15</name>
         <value>0xee34</value>
         <object_component_ref idref="oc-568"/>
      </symbol>
      <symbol id="sm-62a">
         <name>__mspabi_sral_14</name>
         <value>0xee38</value>
         <object_component_ref idref="oc-568"/>
      </symbol>
      <symbol id="sm-62b">
         <name>__mspabi_sral_13</name>
         <value>0xee3c</value>
         <object_component_ref idref="oc-568"/>
      </symbol>
      <symbol id="sm-62c">
         <name>__mspabi_sral_12</name>
         <value>0xee40</value>
         <object_component_ref idref="oc-568"/>
      </symbol>
      <symbol id="sm-62d">
         <name>__mspabi_sral_11</name>
         <value>0xee44</value>
         <object_component_ref idref="oc-568"/>
      </symbol>
      <symbol id="sm-62e">
         <name>__mspabi_sral_10</name>
         <value>0xee48</value>
         <object_component_ref idref="oc-568"/>
      </symbol>
      <symbol id="sm-62f">
         <name>__mspabi_sral_8</name>
         <value>0xee50</value>
         <object_component_ref idref="oc-568"/>
      </symbol>
      <symbol id="sm-630">
         <name>__mspabi_sral_9</name>
         <value>0xee4c</value>
         <object_component_ref idref="oc-568"/>
      </symbol>
      <symbol id="sm-631">
         <name>__mspabi_sral_6</name>
         <value>0xee58</value>
         <object_component_ref idref="oc-568"/>
      </symbol>
      <symbol id="sm-632">
         <name>__mspabi_sral_7</name>
         <value>0xee54</value>
         <object_component_ref idref="oc-568"/>
      </symbol>
      <symbol id="sm-633">
         <name>__mspabi_sral_4</name>
         <value>0xee60</value>
         <object_component_ref idref="oc-568"/>
      </symbol>
      <symbol id="sm-634">
         <name>__mspabi_sral_5</name>
         <value>0xee5c</value>
         <object_component_ref idref="oc-568"/>
      </symbol>
      <symbol id="sm-635">
         <name>__mspabi_sral_2</name>
         <value>0xee68</value>
         <object_component_ref idref="oc-568"/>
      </symbol>
      <symbol id="sm-636">
         <name>__mspabi_sral_3</name>
         <value>0xee64</value>
         <object_component_ref idref="oc-568"/>
      </symbol>
      <symbol id="sm-637">
         <name>__mspabi_sral_1</name>
         <value>0xee6c</value>
         <object_component_ref idref="oc-568"/>
      </symbol>
      <symbol id="sm-643">
         <name>__TI_cleanup</name>
         <value>0xef24</value>
         <object_component_ref idref="oc-4c7"/>
      </symbol>
      <symbol id="sm-694">
         <name>_sys_memory</name>
         <value>0x1efc</value>
         <object_component_ref idref="oc-317"/>
      </symbol>
      <symbol id="sm-695">
         <name>free</name>
         <value>0xe84e</value>
         <object_component_ref idref="oc-4bb"/>
      </symbol>
      <symbol id="sm-696">
         <name>malloc</name>
         <value>0xe5f6</value>
         <object_component_ref idref="oc-4c1"/>
      </symbol>
      <symbol id="sm-697">
         <name>minit</name>
         <value>0xeeec</value>
         <object_component_ref idref="oc-4fb"/>
      </symbol>
      <symbol id="sm-6a9">
         <name>__TI_closefile</name>
         <value>0xea1c</value>
         <object_component_ref idref="oc-502"/>
      </symbol>
      <symbol id="sm-6c8">
         <name>finddevice</name>
         <value>0xef84</value>
         <object_component_ref idref="oc-5b0"/>
      </symbol>
      <symbol id="sm-6c9">
         <name>getdevice</name>
         <value>0xec08</value>
         <object_component_ref idref="oc-580"/>
      </symbol>
      <symbol id="sm-6d9">
         <name>strchr</name>
         <value>0xf0b4</value>
         <object_component_ref idref="oc-5a4"/>
      </symbol>
      <symbol id="sm-6e7">
         <name>strcmp</name>
         <value>0xf0fe</value>
         <object_component_ref idref="oc-5c9"/>
      </symbol>
      <symbol id="sm-6f7">
         <name>strncpy</name>
         <value>0xefde</value>
         <object_component_ref idref="oc-5aa"/>
      </symbol>
      <symbol id="sm-703">
         <name>unlink</name>
         <value>0xf00a</value>
         <object_component_ref idref="oc-548"/>
      </symbol>
      <symbol id="sm-715">
         <name>close</name>
         <value>0xec5c</value>
         <object_component_ref idref="oc-541"/>
      </symbol>
      <symbol id="sm-717">
         <name>__TI_BINIT_Base</name>
         <value>0x0</value>
      </symbol>
      <symbol id="sm-718">
         <name>__TI_BINIT_Limit</name>
         <value>0x0</value>
      </symbol>
      <symbol id="sm-719">
         <name>__TI_INITARRAY_Base</name>
         <value>0x0</value>
      </symbol>
      <symbol id="sm-71a">
         <name>__TI_INITARRAY_Limit</name>
         <value>0x0</value>
      </symbol>
      <symbol id="sm-71b">
         <name>remove</name>
         <value>0xf00a</value>
      </symbol>
   </symbol_table>
   <title>Link successful</title>
</link_info>
