******************************************************************************
                  MSP430 Linker PC v16.9.6                     
******************************************************************************
>> Linked Wed Feb 07 22:18:36 2018

OUTPUT FILE NAME:   <test1.out>
ENTRY POINT SYMBOL: "_c_int00_noargs"  address: 0000f07e


MEMORY CONFIGURATION

         name            origin    length      used     unused   attr    fill
----------------------  --------  ---------  --------  --------  ----  --------
  SFR                   00000000   00000010  00000000  00000010  RWIX
  PERIPHERALS_8BIT      00000010   000000f0  00000000  000000f0  RWIX
  PERIPHERALS_16BIT     00000100   00000100  00000000  00000100  RWIX
  INFOD                 00001800   00000080  00000000  00000080  RWIX
  INFOC                 00001880   00000080  00000000  00000080  RWIX
  INFOB                 00001900   00000080  00000000  00000080  RWIX
  INFOA                 00001980   00000080  00000000  00000080  RWIX
  RAM                   00001c00   000007fe  0000039c  00000462  RWIX
  FLASH                 0000e000   00001f80  00001238  00000d48  RWIX
  INT00                 0000ff80   00000002  00000000  00000002  RWIX
  INT01                 0000ff82   00000002  00000000  00000002  RWIX
  INT02                 0000ff84   00000002  00000000  00000002  RWIX
  INT03                 0000ff86   00000002  00000000  00000002  RWIX
  INT04                 0000ff88   00000002  00000000  00000002  RWIX
  INT05                 0000ff8a   00000002  00000000  00000002  RWIX
  INT06                 0000ff8c   00000002  00000000  00000002  RWIX
  INT07                 0000ff8e   00000002  00000000  00000002  RWIX
  INT08                 0000ff90   00000002  00000000  00000002  RWIX
  INT09                 0000ff92   00000002  00000000  00000002  RWIX
  INT10                 0000ff94   00000002  00000000  00000002  RWIX
  INT11                 0000ff96   00000002  00000000  00000002  RWIX
  INT12                 0000ff98   00000002  00000000  00000002  RWIX
  INT13                 0000ff9a   00000002  00000000  00000002  RWIX
  INT14                 0000ff9c   00000002  00000000  00000002  RWIX
  INT15                 0000ff9e   00000002  00000000  00000002  RWIX
  INT16                 0000ffa0   00000002  00000000  00000002  RWIX
  INT17                 0000ffa2   00000002  00000000  00000002  RWIX
  INT18                 0000ffa4   00000002  00000000  00000002  RWIX
  INT19                 0000ffa6   00000002  00000000  00000002  RWIX
  INT20                 0000ffa8   00000002  00000000  00000002  RWIX
  INT21                 0000ffaa   00000002  00000000  00000002  RWIX
  INT22                 0000ffac   00000002  00000000  00000002  RWIX
  INT23                 0000ffae   00000002  00000000  00000002  RWIX
  INT24                 0000ffb0   00000002  00000000  00000002  RWIX
  INT25                 0000ffb2   00000002  00000000  00000002  RWIX
  INT26                 0000ffb4   00000002  00000000  00000002  RWIX
  INT27                 0000ffb6   00000002  00000000  00000002  RWIX
  INT28                 0000ffb8   00000002  00000000  00000002  RWIX
  INT29                 0000ffba   00000002  00000000  00000002  RWIX
  INT30                 0000ffbc   00000002  00000000  00000002  RWIX
  INT31                 0000ffbe   00000002  00000000  00000002  RWIX
  INT32                 0000ffc0   00000002  00000000  00000002  RWIX
  INT33                 0000ffc2   00000002  00000000  00000002  RWIX
  INT34                 0000ffc4   00000002  00000000  00000002  RWIX
  INT35                 0000ffc6   00000002  00000000  00000002  RWIX
  INT36                 0000ffc8   00000002  00000000  00000002  RWIX
  INT37                 0000ffca   00000002  00000000  00000002  RWIX
  INT38                 0000ffcc   00000002  00000000  00000002  RWIX
  INT39                 0000ffce   00000002  00000000  00000002  RWIX
  INT40                 0000ffd0   00000002  00000000  00000002  RWIX
  INT41                 0000ffd2   00000002  00000000  00000002  RWIX
  INT42                 0000ffd4   00000002  00000000  00000002  RWIX
  INT43                 0000ffd6   00000002  00000000  00000002  RWIX
  INT44                 0000ffd8   00000002  00000000  00000002  RWIX
  INT45                 0000ffda   00000002  00000002  00000000  RWIX
  INT46                 0000ffdc   00000002  00000002  00000000  RWIX
  INT47                 0000ffde   00000002  00000000  00000002  RWIX
  INT48                 0000ffe0   00000002  00000002  00000000  RWIX
  INT49                 0000ffe2   00000002  00000002  00000000  RWIX
  INT50                 0000ffe4   00000002  00000002  00000000  RWIX
  INT51                 0000ffe6   00000002  00000002  00000000  RWIX
  INT52                 0000ffe8   00000002  00000002  00000000  RWIX
  INT53                 0000ffea   00000002  00000002  00000000  RWIX
  INT54                 0000ffec   00000002  00000002  00000000  RWIX
  INT55                 0000ffee   00000002  00000002  00000000  RWIX
  INT56                 0000fff0   00000002  00000002  00000000  RWIX
  INT57                 0000fff2   00000002  00000002  00000000  RWIX
  INT58                 0000fff4   00000002  00000002  00000000  RWIX
  INT59                 0000fff6   00000002  00000002  00000000  RWIX
  INT60                 0000fff8   00000002  00000002  00000000  RWIX
  INT61                 0000fffa   00000002  00000002  00000000  RWIX
  INT62                 0000fffc   00000002  00000002  00000000  RWIX
  RESET                 0000fffe   00000002  00000002  00000000  RWIX


SECTION ALLOCATION MAP

 output                                  attributes/
section   page    origin      length       input sections
--------  ----  ----------  ----------   ----------------
.data      0    00001c00    0000012e     UNINITIALIZED
                  00001c00    00000078     rts430x_lc_sd_eabi.lib : write.obj (.data:_device)
                  00001c78    00000078                            : defs.obj (.data:_ftable)
                  00001cf0    00000028                            : write.obj (.data:_stream)
                  00001d18    00000004                            : exit_gvars.obj (.data:__TI_cleanup_ptr)
                  00001d1c    00000004                            : exit_gvars.obj (.data:__TI_dtors_ptr)
                  00001d20    00000004                            : _lock.obj (.data:_lock)
                  00001d24    00000004                            : _lock.obj (.data:_unlock)
                  00001d28    00000002                            : defs.obj (.data)
                  00001d2a    00000002                            : exit.obj (.data)
                  00001d2c    00000002                            : memory.obj (.data)

.cio       0    00001d2e    00000120     UNINITIALIZED
                  00001d2e    00000120     rts430x_lc_sd_eabi.lib : trgmsg.obj (.cio)

.bss       0    00001e4e    000000ae     UNINITIALIZED
                  00001e4e    000000a0     (.common:__TI_tmpnams)
                  00001eee    00000008     (.common:parmbuf)
                  00001ef6    00000006     rts430x_lc_sd_eabi.lib : memory.obj (.bss)

.sysmem    0    00001efc    00000050     UNINITIALIZED
                  00001efc    00000004     rts430x_lc_sd_eabi.lib : memory.obj (.sysmem)
                  00001f00    0000004c     --HOLE--

.stack     0    000023ac    00000050     UNINITIALIZED
                  000023ac    00000002     rts430x_lc_sd_eabi.lib : boot.obj (.stack)
                  000023ae    0000004e     --HOLE--

.text      0    0000e000    000011a4     
                  0000e000    0000010e     rts430x_lc_sd_eabi.lib : _printfi_min.obj (.text:_setfield)
                  0000e10e    000000ee                            : copy_decompress_lzss.obj (.text:decompress:lzss:__TI_decompress_lzss)
                  0000e1fc    000000de                            : fputs.obj (.text:fputs)
                  0000e2da    000000da                            : _printfi_min.obj (.text:__TI_printfi_minimal)
                  0000e3b4    000000cc                            : setvbuf.obj (.text:setvbuf)
                  0000e480    000000c4                            : _printfi_min.obj (.text:_pproc_diouxp)
                  0000e544    000000b2                            : cpy_tbl.obj (.text:copy_in)
                  0000e5f6    000000ae                            : memory.obj (.text:malloc)
                  0000e6a4    0000009c                            : hostlseek.obj (.text:HOSTlseek)
                  0000e740    0000008c                            : fputc.obj (.text:fputc)
                  0000e7cc    00000082                            : autoinit.obj (.text:_auto_init)
                  0000e84e    00000080                            : memory.obj (.text:free)
                  0000e8ce    0000007a                            : _io_perm.obj (.text:__TI_wrt_ok)
                  0000e948    0000006a                            : hostrename.obj (.text:HOSTrename)
                  0000e9b2    0000006a                            : fseek.obj (.text:fseek)
                  0000ea1c    00000068                            : fclose.obj (.text:__TI_closefile)
                  0000ea84    00000064                            : hostopen.obj (.text:HOSTopen)
                  0000eae8    00000062                            : fflush.obj (.text:__TI_doflush)
                  0000eb4a    00000060                            : hostwrite.obj (.text:HOSTwrite)
                  0000ebaa    0000005e                            : hostread.obj (.text:HOSTread)
                  0000ec08    00000054                            : getdevice.obj (.text:getdevice)
                  0000ec5c    0000004a                            : close.obj (.text:close)
                  0000eca6    00000048                            : exit.obj (.text:exit)
                  0000ecee    00000046                            : hostclose.obj (.text:HOSTclose)
                  0000ed34    00000042                            : hostunlink.obj (.text:HOSTunlink)
                  0000ed76    00000040                            : cpy_util.obj (.text:__memcpy_far)
                  0000edb6    00000040                            : printf.obj (.text:printf)
                  0000edf6    0000003e                            : copy_zero_init.obj (.text:decompress:ZI:__TI_zero_init)
                  0000ee34    0000003e                            : asr32.obj (.text:l_asr_const)
                  0000ee72    0000003e                            : lsl32.obj (.text:l_lsl_const)
                  0000eeb0    0000003c                            : copy_decompress_none.obj (.text:decompress:none:__TI_decompress_none)
                  0000eeec    00000038                            : memory.obj (.text:minit)
                  0000ef24    00000032                            : fopen.obj (.text:__TI_cleanup)
                  0000ef56    0000002e                            : trgmsg.obj (.text:__TI_writemsg)
                  0000ef84    0000002e                            : getdevice.obj (.text:finddevice)
                  0000efb2    0000002c                            : trgmsg.obj (.text:__TI_readmsg)
                  0000efde    0000002c                            : strncpy.obj (.text:strncpy)
                  0000f00a    0000002a                            : unlink.obj (.text:unlink)
                  0000f034    00000026                            : lseek.obj (.text:lseek)
                  0000f05a    00000024                            : write.obj (.text:write)
                  0000f07e    0000001c                            : boot_special.obj (.text:_isr:_c_int00_noargs)
                  0000f09a    0000001a                            : memccpy.obj (.text:memccpy)
                  0000f0b4    0000001a                            : strchr.obj (.text:strchr)
                  0000f0ce    00000018     main.obj (.text:main)
                  0000f0e6    00000018     rts430x_lc_sd_eabi.lib : mult16_f5hw.obj (.text)
                  0000f0fe    00000018                            : strcmp.obj (.text:strcmp)
                  0000f116    00000016                            : div16u.obj (.text)
                  0000f12c    00000014                            : memchr.obj (.text:memchr)
                  0000f140    00000014                            : memset.obj (.text:memset)
                  0000f154    00000012                            : memcpy.obj (.text:memcpy)
                  0000f166    00000010                            : strcpy.obj (.text:strcpy)
                  0000f176    0000000e                            : strlen.obj (.text:strlen)
                  0000f184    00000008                            : isr_trap.obj (.text:_isr:__TI_ISR_TRAP)
                  0000f18c    00000006                            : printf.obj (.text:_outc)
                  0000f192    00000006                            : exit.obj (.text:abort)
                  0000f198    00000004                            : printf.obj (.text:_outs)
                  0000f19c    00000004                            : pre_init.obj (.text:_system_pre_init)
                  0000f1a0    00000002                            : _lock.obj (.text:_nop)
                  0000f1a2    00000002                            : startup.obj (.text:_system_post_cinit)

.binit     0    0000e000    00000000     

.const     0    0000f1a4    00000022     
                  0000f1a4    00000014     rts430x_lc_sd_eabi.lib : _printfi_min.obj (.const:.string)
                  0000f1b8    0000000e     main.obj (.const:.string)

.cinit     0    0000f1c6    00000072     
                  0000f1c6    0000004f     (.cinit..data.load) [load image, compression = lzss]
                  0000f215    00000001     --HOLE-- [fill = 0]
                  0000f216    0000000c     (__TI_handler_table)
                  0000f222    00000006     (.cinit..bss.load) [load image, compression = zero_init]
                  0000f228    00000010     (__TI_cinit_table)

.init_array 
*          0    0000e000    00000000     UNINITIALIZED

AES        0    0000ffda    00000002     
                  0000ffda    00000002     rts430x_lc_sd_eabi.lib : int45.obj (.int45)

RTC        0    0000ffdc    00000002     
                  0000ffdc    00000002     rts430x_lc_sd_eabi.lib : int46.obj (.int46)

PORT2      0    0000ffe0    00000002     
                  0000ffe0    00000002     rts430x_lc_sd_eabi.lib : int48.obj (.int48)

PORT1      0    0000ffe2    00000002     
                  0000ffe2    00000002     rts430x_lc_sd_eabi.lib : int49.obj (.int49)

TIMER1_A1 
*          0    0000ffe4    00000002     
                  0000ffe4    00000002     rts430x_lc_sd_eabi.lib : int50.obj (.int50)

TIMER1_A0 
*          0    0000ffe6    00000002     
                  0000ffe6    00000002     rts430x_lc_sd_eabi.lib : int51.obj (.int51)

DMA        0    0000ffe8    00000002     
                  0000ffe8    00000002     rts430x_lc_sd_eabi.lib : int52.obj (.int52)

CC1101     0    0000ffea    00000002     
                  0000ffea    00000002     rts430x_lc_sd_eabi.lib : int53.obj (.int53)

TIMER0_A1 
*          0    0000ffec    00000002     
                  0000ffec    00000002     rts430x_lc_sd_eabi.lib : int54.obj (.int54)

TIMER0_A0 
*          0    0000ffee    00000002     
                  0000ffee    00000002     rts430x_lc_sd_eabi.lib : int55.obj (.int55)

ADC10      0    0000fff0    00000002     
                  0000fff0    00000002     rts430x_lc_sd_eabi.lib : int56.obj (.int56)

USCI_B0    0    0000fff2    00000002     
                  0000fff2    00000002     rts430x_lc_sd_eabi.lib : int57.obj (.int57)

USCI_A0    0    0000fff4    00000002     
                  0000fff4    00000002     rts430x_lc_sd_eabi.lib : int58.obj (.int58)

WDT        0    0000fff6    00000002     
                  0000fff6    00000002     rts430x_lc_sd_eabi.lib : int59.obj (.int59)

COMP_B     0    0000fff8    00000002     
                  0000fff8    00000002     rts430x_lc_sd_eabi.lib : int60.obj (.int60)

UNMI       0    0000fffa    00000002     
                  0000fffa    00000002     rts430x_lc_sd_eabi.lib : int61.obj (.int61)

SYSNMI     0    0000fffc    00000002     
                  0000fffc    00000002     rts430x_lc_sd_eabi.lib : int62.obj (.int62)

.reset     0    0000fffe    00000002     
                  0000fffe    00000002     rts430x_lc_sd_eabi.lib : boot.obj (.reset)

MODULE SUMMARY

       Module                     code   ro data   rw data
       ------                     ----   -------   -------
    .\
       main.obj                   24     14        0      
    +--+--------------------------+------+---------+---------+
       Total:                     24     14        0      
                                                          
    C:\ti\ccsv7\tools\compiler\ti-cgt-msp430_16.9.6.LTS\lib\rts430x_lc_sd_eabi.lib
       _printfi_min.obj           684    20        0      
       trgmsg.obj                 90     0         288    
       memory.obj                 358    0         8      
       defs.obj                   0      0         282    
       copy_decompress_lzss.obj   238    0         0      
       fputs.obj                  222    0         0      
       setvbuf.obj                204    0         0      
       write.obj                  36     0         160    
       cpy_tbl.obj                178    0         0      
       hostlseek.obj              156    0         0      
       fputc.obj                  140    0         0      
       autoinit.obj               130    0         0      
       getdevice.obj              130    0         0      
       _io_perm.obj               122    0         0      
       hostopen.obj               100    0         8      
       fseek.obj                  106    0         0      
       hostrename.obj             106    0         0      
       fclose.obj                 104    0         0      
       fflush.obj                 98     0         0      
       hostwrite.obj              96     0         0      
       hostread.obj               94     0         0      
       exit.obj                   78     0         2      
       close.obj                  74     0         0      
       printf.obj                 74     0         0      
       hostclose.obj              70     0         0      
       hostunlink.obj             66     0         0      
       cpy_util.obj               64     0         0      
       asr32.obj                  62     0         0      
       copy_zero_init.obj         62     0         0      
       lsl32.obj                  62     0         0      
       copy_decompress_none.obj   60     0         0      
       fopen.obj                  50     0         0      
       strncpy.obj                44     0         0      
       unlink.obj                 42     0         0      
       lseek.obj                  38     0         0      
       boot_special.obj           28     0         0      
       memccpy.obj                26     0         0      
       strchr.obj                 26     0         0      
       mult16_f5hw.obj            24     0         0      
       strcmp.obj                 24     0         0      
       div16u.obj                 22     0         0      
       memchr.obj                 20     0         0      
       memset.obj                 20     0         0      
       memcpy.obj                 18     0         0      
       strcpy.obj                 16     0         0      
       strlen.obj                 14     0         0      
       _lock.obj                  2      0         8      
       exit_gvars.obj             0      0         8      
       isr_trap.obj               8      0         0      
       pre_init.obj               4      0         0      
       boot.obj                   0      2         0      
       int45.obj                  0      2         0      
       int46.obj                  0      2         0      
       int48.obj                  0      2         0      
       int49.obj                  0      2         0      
       int50.obj                  0      2         0      
       int51.obj                  0      2         0      
       int52.obj                  0      2         0      
       int53.obj                  0      2         0      
       int54.obj                  0      2         0      
       int55.obj                  0      2         0      
       int56.obj                  0      2         0      
       int57.obj                  0      2         0      
       int58.obj                  0      2         0      
       int59.obj                  0      2         0      
       int60.obj                  0      2         0      
       int61.obj                  0      2         0      
       int62.obj                  0      2         0      
       startup.obj                2      0         0      
    +--+--------------------------+------+---------+---------+
       Total:                     4492   56        764    
                                                          
       Heap:                      0      0         80     
       Stack:                     0      0         80     
       Linker Generated:          0      113       0      
    +--+--------------------------+------+---------+---------+
       Grand Total:               4516   183       924    


LINKER GENERATED COPY TABLES

__TI_cinit_table @ 0000f228 records: 2, size/record: 8, table size: 16
	.data: load addr=0000f1c6, load size=0000004f bytes, run addr=00001c00, run size=0000012e bytes, compression=lzss
	.bss: load addr=0000f222, load size=00000006 bytes, run addr=00001e4e, run size=000000ae bytes, compression=zero_init


LINKER GENERATED HANDLER TABLE

__TI_handler_table @ 0000f216 records: 3, size/record: 4, table size: 12
	index: 0, handler: __TI_zero_init
	index: 1, handler: __TI_decompress_lzss
	index: 2, handler: __TI_decompress_none


GLOBAL SYMBOLS: SORTED ALPHABETICALLY BY Name 

address   name                           
-------   ----                           
00000740  ADC10CTL0                      
00000741  ADC10CTL0_H                    
00000740  ADC10CTL0_L                    
00000742  ADC10CTL1                      
00000743  ADC10CTL1_H                    
00000742  ADC10CTL1_L                    
00000744  ADC10CTL2                      
00000745  ADC10CTL2_H                    
00000744  ADC10CTL2_L                    
00000748  ADC10HI                        
00000749  ADC10HI_H                      
00000748  ADC10HI_L                      
0000075a  ADC10IE                        
0000075b  ADC10IE_H                      
0000075a  ADC10IE_L                      
0000075c  ADC10IFG                       
0000075d  ADC10IFG_H                     
0000075c  ADC10IFG_L                     
0000075e  ADC10IV                        
0000075f  ADC10IV_H                      
0000075e  ADC10IV_L                      
00000746  ADC10LO                        
00000747  ADC10LO_H                      
00000746  ADC10LO_L                      
0000074a  ADC10MCTL0                     
0000074b  ADC10MCTL0_H                   
0000074a  ADC10MCTL0_L                   
00000752  ADC10MEM0                      
00000753  ADC10MEM0_H                    
00000752  ADC10MEM0_L                    
000009c0  AESACTL0                       
000009c1  AESACTL0_H                     
000009c0  AESACTL0_L                     
000009c8  AESADIN                        
000009c9  AESADIN_H                      
000009c8  AESADIN_L                      
000009ca  AESADOUT                       
000009cb  AESADOUT_H                     
000009ca  AESADOUT_L                     
000009c6  AESAKEY                        
000009c7  AESAKEY_H                      
000009c6  AESAKEY_L                      
000009c4  AESASTAT                       
000009c5  AESASTAT_H                     
000009c4  AESASTAT_L                     
000004be  BCD2BIN                        
000004bc  BIN2BCD                        
0000f192  C$$EXIT                        
0000ef80  C$$IO$$                        
000008c0  CBCTL0                         
000008c1  CBCTL0_H                       
000008c0  CBCTL0_L                       
000008c2  CBCTL1                         
000008c3  CBCTL1_H                       
000008c2  CBCTL1_L                       
000008c4  CBCTL2                         
000008c5  CBCTL2_H                       
000008c4  CBCTL2_L                       
000008c6  CBCTL3                         
000008c7  CBCTL3_H                       
000008c6  CBCTL3_L                       
000008cc  CBINT                          
000008cd  CBINT_H                        
000008cc  CBINT_L                        
000008ce  CBIV                           
00000150  CRCDI                          
00000152  CRCDIRB                        
00000153  CRCDIRB_H                      
00000152  CRCDIRB_L                      
00000151  CRCDI_H                        
00000150  CRCDI_L                        
00000154  CRCINIRES                      
00000155  CRCINIRES_H                    
00000154  CRCINIRES_L                    
00000156  CRCRESR                        
00000157  CRCRESR_H                      
00000156  CRCRESR_L                      
00000510  DMA0CTL                        
00000511  DMA0CTL_H                      
00000510  DMA0CTL_L                      
00000516  DMA0DA                         
00000518  DMA0DAH                        
00000516  DMA0DAL                        
00000512  DMA0SA                         
00000514  DMA0SAH                        
00000512  DMA0SAL                        
0000051a  DMA0SZ                         
00000520  DMA1CTL                        
00000521  DMA1CTL_H                      
00000520  DMA1CTL_L                      
00000526  DMA1DA                         
00000528  DMA1DAH                        
00000526  DMA1DAL                        
00000522  DMA1SA                         
00000524  DMA1SAH                        
00000522  DMA1SAL                        
0000052a  DMA1SZ                         
00000530  DMA2CTL                        
00000531  DMA2CTL_H                      
00000530  DMA2CTL_L                      
00000536  DMA2DA                         
00000538  DMA2DAH                        
00000536  DMA2DAL                        
00000532  DMA2SA                         
00000534  DMA2SAH                        
00000532  DMA2SAL                        
0000053a  DMA2SZ                         
00000500  DMACTL0                        
00000501  DMACTL0_H                      
00000500  DMACTL0_L                      
00000502  DMACTL1                        
00000503  DMACTL1_H                      
00000502  DMACTL1_L                      
00000504  DMACTL2                        
00000505  DMACTL2_H                      
00000504  DMACTL2_L                      
00000506  DMACTL3                        
00000507  DMACTL3_H                      
00000506  DMACTL3_L                      
00000508  DMACTL4                        
00000509  DMACTL4_H                      
00000508  DMACTL4_L                      
0000050e  DMAIV                          
0000050f  DMAIV_H                        
0000050e  DMAIV_L                        
00000140  FCTL1                          
00000141  FCTL1_H                        
00000140  FCTL1_L                        
00000144  FCTL3                          
00000145  FCTL3_H                        
00000144  FCTL3_L                        
00000146  FCTL4                          
00000147  FCTL4_H                        
00000146  FCTL4_L                        
0000ecee  HOSTclose                      
0000e6a4  HOSTlseek                      
0000ea84  HOSTopen                       
0000ebaa  HOSTread                       
0000e948  HOSTrename                     
0000ed34  HOSTunlink                     
0000eb4a  HOSTwrite                      
000004c4  MAC                            
000004da  MAC32H                         
000004db  MAC32H_H                       
000004da  MAC32H_L                       
000004d8  MAC32L                         
000004d9  MAC32L_H                       
000004d8  MAC32L_L                       
000004c6  MACS                           
000004de  MACS32H                        
000004df  MACS32H_H                      
000004de  MACS32H_L                      
000004dc  MACS32L                        
000004dd  MACS32L_H                      
000004dc  MACS32L_L                      
000004c7  MACS_H                         
000004c6  MACS_L                         
000004c5  MAC_H                          
000004c4  MAC_L                          
000004c0  MPY                            
000004ec  MPY32CTL0                      
000004ed  MPY32CTL0_H                    
000004ec  MPY32CTL0_L                    
000004d2  MPY32H                         
000004d3  MPY32H_H                       
000004d2  MPY32H_L                       
000004d0  MPY32L                         
000004d1  MPY32L_H                       
000004d0  MPY32L_L                       
000004c2  MPYS                           
000004d6  MPYS32H                        
000004d7  MPYS32H_H                      
000004d6  MPYS32H_L                      
000004d4  MPYS32L                        
000004d5  MPYS32L_H                      
000004d4  MPYS32L_L                      
000004c3  MPYS_H                         
000004c2  MPYS_L                         
000004c1  MPY_H                          
000004c0  MPY_L                          
000004c8  OP2                            
000004e2  OP2H                           
000004e3  OP2H_H                         
000004e2  OP2H_L                         
000004e0  OP2L                           
000004e1  OP2L_H                         
000004e0  OP2L_L                         
000004c9  OP2_H                          
000004c8  OP2_L                          
0000020e  P1IV                           
000001c8  P1MAP01                        
000001c9  P1MAP01_H                      
000001c8  P1MAP01_L                      
000001ca  P1MAP23                        
000001cb  P1MAP23_H                      
000001ca  P1MAP23_L                      
000001cc  P1MAP45                        
000001cd  P1MAP45_H                      
000001cc  P1MAP45_L                      
000001ce  P1MAP67                        
000001cf  P1MAP67_H                      
000001ce  P1MAP67_L                      
0000021e  P2IV                           
000001d0  P2MAP01                        
000001d1  P2MAP01_H                      
000001d0  P2MAP01_L                      
000001d2  P2MAP23                        
000001d3  P2MAP23_H                      
000001d2  P2MAP23_L                      
000001d4  P2MAP45                        
000001d5  P2MAP45_H                      
000001d4  P2MAP45_L                      
000001d6  P2MAP67                        
000001d7  P2MAP67_H                      
000001d6  P2MAP67_L                      
000001d8  P3MAP01                        
000001d9  P3MAP01_H                      
000001d8  P3MAP01_L                      
000001da  P3MAP23                        
000001db  P3MAP23_H                      
000001da  P3MAP23_L                      
000001dc  P3MAP45                        
000001dd  P3MAP45_H                      
000001dc  P3MAP45_L                      
000001de  P3MAP67                        
000001df  P3MAP67_H                      
000001de  P3MAP67_L                      
00000204  PADIR                          
00000205  PADIR_H                        
00000204  PADIR_L                        
00000208  PADS                           
00000209  PADS_H                         
00000208  PADS_L                         
0000021a  PAIE                           
00000218  PAIES                          
00000219  PAIES_H                        
00000218  PAIES_L                        
0000021b  PAIE_H                         
0000021a  PAIE_L                         
0000021c  PAIFG                          
0000021d  PAIFG_H                        
0000021c  PAIFG_L                        
00000200  PAIN                           
00000201  PAIN_H                         
00000200  PAIN_L                         
00000202  PAOUT                          
00000203  PAOUT_H                        
00000202  PAOUT_L                        
00000206  PAREN                          
00000207  PAREN_H                        
00000206  PAREN_L                        
0000020a  PASEL                          
0000020b  PASEL_H                        
0000020a  PASEL_L                        
00000224  PBDIR                          
00000225  PBDIR_H                        
00000224  PBDIR_L                        
00000228  PBDS                           
00000229  PBDS_H                         
00000228  PBDS_L                         
00000220  PBIN                           
00000221  PBIN_H                         
00000220  PBIN_L                         
00000222  PBOUT                          
00000223  PBOUT_H                        
00000222  PBOUT_L                        
00000226  PBREN                          
00000227  PBREN_H                        
00000226  PBREN_L                        
0000022a  PBSEL                          
0000022b  PBSEL_H                        
0000022a  PBSEL_L                        
00000244  PCDIR                          
00000245  PCDIR_H                        
00000244  PCDIR_L                        
00000248  PCDS                           
00000249  PCDS_H                         
00000248  PCDS_L                         
00000240  PCIN                           
00000241  PCIN_H                         
00000240  PCIN_L                         
00000242  PCOUT                          
00000243  PCOUT_H                        
00000242  PCOUT_L                        
00000246  PCREN                          
00000247  PCREN_H                        
00000246  PCREN_L                        
0000024a  PCSEL                          
0000024b  PCSEL_H                        
0000024a  PCSEL_L                        
00000324  PJDIR                          
00000325  PJDIR_H                        
00000324  PJDIR_L                        
00000328  PJDS                           
00000329  PJDS_H                         
00000328  PJDS_L                         
00000320  PJIN                           
00000321  PJIN_H                         
00000320  PJIN_L                         
00000322  PJOUT                          
00000323  PJOUT_H                        
00000322  PJOUT_L                        
00000326  PJREN                          
00000327  PJREN_H                        
00000326  PJREN_L                        
00000130  PM5CTL0                        
00000131  PM5CTL0_H                      
00000130  PM5CTL0_L                      
000001c2  PMAPCTL                        
000001c3  PMAPCTL_H                      
000001c2  PMAPCTL_L                      
000001c0  PMAPKEYID                      
000001c1  PMAPKEYID_H                    
000001c0  PMAPKEYID_L                    
00000120  PMMCTL0                        
00000121  PMMCTL0_H                      
00000120  PMMCTL0_L                      
00000122  PMMCTL1                        
00000123  PMMCTL1_H                      
00000122  PMMCTL1_L                      
0000012c  PMMIFG                         
0000012d  PMMIFG_H                       
0000012c  PMMIFG_L                       
0000012e  PMMRIE                         
0000012f  PMMRIE_H                       
0000012e  PMMRIE_L                       
00000158  RCCTL0                         
00000159  RCCTL0_H                       
00000158  RCCTL0_L                       
000001b0  REFCTL0                        
000001b1  REFCTL0_H                      
000001b0  REFCTL0_L                      
000004e4  RES0                           
000004e5  RES0_H                         
000004e4  RES0_L                         
000004e6  RES1                           
000004e7  RES1_H                         
000004e6  RES1_L                         
000004e8  RES2                           
000004e9  RES2_H                         
000004e8  RES2_L                         
000004ea  RES3                           
000004eb  RES3_H                         
000004ea  RES3_L                         
000004cc  RESHI                          
000004cd  RESHI_H                        
000004cc  RESHI_L                        
000004ca  RESLO                          
000004cb  RESLO_H                        
000004ca  RESLO_L                        
00000f16  RF1ADINW                       
00000f17  RF1ADINW_H                     
00000f16  RF1ADINW_L                     
00000f28  RF1ADOUT0W                     
00000f29  RF1ADOUT0W_H                   
00000f28  RF1ADOUT0W_L                   
00000f2a  RF1ADOUT1W                     
00000f2b  RF1ADOUT1W_H                   
00000f2a  RF1ADOUT1W_L                   
00000f2c  RF1ADOUT2W                     
00000f2d  RF1ADOUT2W_H                   
00000f2c  RF1ADOUT2W_L                   
00000f36  RF1AIE                         
00000f34  RF1AIES                        
00000f35  RF1AIES_H                      
00000f34  RF1AIES_L                      
00000f37  RF1AIE_H                       
00000f36  RF1AIE_L                       
00000f00  RF1AIFCTL0                     
00000f01  RF1AIFCTL0_H                   
00000f00  RF1AIFCTL0_L                   
00000f02  RF1AIFCTL1                     
00000f03  RF1AIFCTL1_H                   
00000f02  RF1AIFCTL1_L                   
00000f04  RF1AIFCTL2                     
00000f05  RF1AIFCTL2_H                   
00000f04  RF1AIFCTL2_L                   
00000f06  RF1AIFERR                      
00000f0c  RF1AIFERRV                     
00000f0d  RF1AIFERRV_H                   
00000f0c  RF1AIFERRV_L                   
00000f07  RF1AIFERR_H                    
00000f06  RF1AIFERR_L                    
00000f32  RF1AIFG                        
00000f33  RF1AIFG_H                      
00000f32  RF1AIFG_L                      
00000f0e  RF1AIFIV                       
00000f0f  RF1AIFIV_H                     
00000f0e  RF1AIFIV_L                     
00000f30  RF1AIN                         
00000f12  RF1AINSTR1W                    
00000f13  RF1AINSTR1W_H                  
00000f12  RF1AINSTR1W_L                  
00000f14  RF1AINSTR2W                    
00000f15  RF1AINSTR2W_H                  
00000f14  RF1AINSTR2W_L                  
00000f10  RF1AINSTRW                     
00000f11  RF1AINSTRW_H                   
00000f10  RF1AINSTRW_L                   
00000f31  RF1AIN_H                       
00000f30  RF1AIN_L                       
00000f38  RF1AIV                         
00000f39  RF1AIV_H                       
00000f38  RF1AIV_L                       
00000f3c  RF1ARXFIFO                     
00000f3d  RF1ARXFIFO_H                   
00000f3c  RF1ARXFIFO_L                   
00000f20  RF1ASTAT0W                     
00000f21  RF1ASTAT0W_H                   
00000f20  RF1ASTAT0W_L                   
00000f22  RF1ASTAT1W                     
00000f23  RF1ASTAT1W_H                   
00000f22  RF1ASTAT1W_L                   
00000f24  RF1ASTAT2W                     
00000f25  RF1ASTAT2W_H                   
00000f24  RF1ASTAT2W_L                   
00000f3e  RF1ATXFIFO                     
00000f3f  RF1ATXFIFO_H                   
00000f3e  RF1ATXFIFO_L                   
000004ba  RTCADOWDAY                     
000004bb  RTCADOWDAY_H                   
000004ba  RTCADOWDAY_L                   
000004b8  RTCAMINHR                      
000004b9  RTCAMINHR_H                    
000004b8  RTCAMINHR_L                    
000004a0  RTCCTL01                       
000004a1  RTCCTL01_H                     
000004a0  RTCCTL01_L                     
000004a2  RTCCTL23                       
000004a3  RTCCTL23_H                     
000004a2  RTCCTL23_L                     
000004b4  RTCDATE                        
000004b5  RTCDATE_H                      
000004b4  RTCDATE_L                      
000004ae  RTCIV                          
000004ac  RTCPS                          
000004a8  RTCPS0CTL                      
000004a9  RTCPS0CTL_H                    
000004a8  RTCPS0CTL_L                    
000004aa  RTCPS1CTL                      
000004ab  RTCPS1CTL_H                    
000004aa  RTCPS1CTL_L                    
000004ad  RTCPS_H                        
000004ac  RTCPS_L                        
000004b0  RTCTIM0                        
000004b1  RTCTIM0_H                      
000004b0  RTCTIM0_L                      
000004b2  RTCTIM1                        
000004b3  RTCTIM1_H                      
000004b2  RTCTIM1_L                      
000004b6  RTCYEAR                        
000004b7  RTCYEAR_H                      
000004b6  RTCYEAR_L                      
00000100  SFRIE1                         
00000101  SFRIE1_H                       
00000100  SFRIE1_L                       
00000102  SFRIFG1                        
00000103  SFRIFG1_H                      
00000102  SFRIFG1_L                      
00000104  SFRRPCR                        
00000105  SFRRPCR_H                      
00000104  SFRRPCR_L                      
000004ce  SUMEXT                         
000004cf  SUMEXT_H                       
000004ce  SUMEXT_L                       
00000124  SVSMHCTL                       
00000125  SVSMHCTL_H                     
00000124  SVSMHCTL_L                     
00000128  SVSMIO                         
00000129  SVSMIO_H                       
00000128  SVSMIO_L                       
00000126  SVSMLCTL                       
00000127  SVSMLCTL_H                     
00000126  SVSMLCTL_L                     
00000198  SYSBERRIV                      
00000199  SYSBERRIV_H                    
00000198  SYSBERRIV_L                    
00000182  SYSBSLC                        
00000183  SYSBSLC_H                      
00000182  SYSBSLC_L                      
00000180  SYSCTL                         
00000181  SYSCTL_H                       
00000180  SYSCTL_L                       
00000186  SYSJMBC                        
00000187  SYSJMBC_H                      
00000186  SYSJMBC_L                      
00000188  SYSJMBI0                       
00000189  SYSJMBI0_H                     
00000188  SYSJMBI0_L                     
0000018a  SYSJMBI1                       
0000018b  SYSJMBI1_H                     
0000018a  SYSJMBI1_L                     
0000018c  SYSJMBO0                       
0000018d  SYSJMBO0_H                     
0000018c  SYSJMBO0_L                     
0000018e  SYSJMBO1                       
0000018f  SYSJMBO1_H                     
0000018e  SYSJMBO1_L                     
0000019e  SYSRSTIV                       
0000019f  SYSRSTIV_H                     
0000019e  SYSRSTIV_L                     
0000019c  SYSSNIV                        
0000019d  SYSSNIV_H                      
0000019c  SYSSNIV_L                      
0000019a  SYSUNIV                        
0000019b  SYSUNIV_H                      
0000019a  SYSUNIV_L                      
00000352  TA0CCR0                        
00000354  TA0CCR1                        
00000356  TA0CCR2                        
00000358  TA0CCR3                        
0000035a  TA0CCR4                        
00000342  TA0CCTL0                       
00000344  TA0CCTL1                       
00000346  TA0CCTL2                       
00000348  TA0CCTL3                       
0000034a  TA0CCTL4                       
00000340  TA0CTL                         
00000360  TA0EX0                         
0000036e  TA0IV                          
00000350  TA0R                           
00000392  TA1CCR0                        
00000394  TA1CCR1                        
00000396  TA1CCR2                        
00000382  TA1CCTL0                       
00000384  TA1CCTL1                       
00000386  TA1CCTL2                       
00000380  TA1CTL                         
000003a0  TA1EX0                         
000003ae  TA1IV                          
00000390  TA1R                           
000005d0  UCA0ABCTL                      
000005c6  UCA0BRW                        
000005c7  UCA0BRW_H                      
000005c6  UCA0BRW_L                      
000005c0  UCA0CTLW0                      
000005c1  UCA0CTLW0_H                    
000005c0  UCA0CTLW0_L                    
000005dc  UCA0ICTL                       
000005dd  UCA0ICTL_H                     
000005dc  UCA0ICTL_L                     
000005d2  UCA0IRCTL                      
000005d3  UCA0IRCTL_H                    
000005d2  UCA0IRCTL_L                    
000005de  UCA0IV                         
000005c8  UCA0MCTL                       
000005cc  UCA0RXBUF                      
000005ca  UCA0STAT                       
000005ce  UCA0TXBUF                      
000005e6  UCB0BRW                        
000005e7  UCB0BRW_H                      
000005e6  UCB0BRW_L                      
000005e0  UCB0CTLW0                      
000005e1  UCB0CTLW0_H                    
000005e0  UCB0CTLW0_L                    
000005f0  UCB0I2COA                      
000005f1  UCB0I2COA_H                    
000005f0  UCB0I2COA_L                    
000005f2  UCB0I2CSA                      
000005f3  UCB0I2CSA_H                    
000005f2  UCB0I2CSA_L                    
000005fc  UCB0ICTL                       
000005fd  UCB0ICTL_H                     
000005fc  UCB0ICTL_L                     
000005fe  UCB0IV                         
000005ec  UCB0RXBUF                      
000005ea  UCB0STAT                       
000005ee  UCB0TXBUF                      
00000160  UCSCTL0                        
00000161  UCSCTL0_H                      
00000160  UCSCTL0_L                      
00000162  UCSCTL1                        
00000163  UCSCTL1_H                      
00000162  UCSCTL1_L                      
00000164  UCSCTL2                        
00000165  UCSCTL2_H                      
00000164  UCSCTL2_L                      
00000166  UCSCTL3                        
00000167  UCSCTL3_H                      
00000166  UCSCTL3_L                      
00000168  UCSCTL4                        
00000169  UCSCTL4_H                      
00000168  UCSCTL4_L                      
0000016a  UCSCTL5                        
0000016b  UCSCTL5_H                      
0000016a  UCSCTL5_L                      
0000016c  UCSCTL6                        
0000016d  UCSCTL6_H                      
0000016c  UCSCTL6_L                      
0000016e  UCSCTL7                        
0000016f  UCSCTL7_H                      
0000016e  UCSCTL7_L                      
00000170  UCSCTL8                        
00000171  UCSCTL8_H                      
00000170  UCSCTL8_L                      
0000015c  WDTCTL                         
0000015d  WDTCTL_H                       
0000015c  WDTCTL_L                       
00001d2e  _CIOBUF_                       
000023fc  __STACK_END                    
00000050  __STACK_SIZE                   
00000050  __SYSMEM_SIZE                  
UNDEFED   __TI_BINIT_Base                
UNDEFED   __TI_BINIT_Limit               
0000f228  __TI_CINIT_Base                
0000f238  __TI_CINIT_Limit               
0000f216  __TI_Handler_Table_Base        
0000f222  __TI_Handler_Table_Limit       
UNDEFED   __TI_INITARRAY_Base            
UNDEFED   __TI_INITARRAY_Limit           
0000f184  __TI_ISR_TRAP                  
0000ef24  __TI_cleanup                   
00001d18  __TI_cleanup_ptr               
0000ea1c  __TI_closefile                 
0000e10e  __TI_decompress_lzss           
0000eeb0  __TI_decompress_none           
0000eae8  __TI_doflush                   
00001d1c  __TI_dtors_ptr                 
00001d2a  __TI_enable_exit_profile_output
00001d28  __TI_ft_end                    
0000ffda  __TI_int45                     
0000ffdc  __TI_int46                     
0000ffe0  __TI_int48                     
0000ffe2  __TI_int49                     
0000ffe4  __TI_int50                     
0000ffe6  __TI_int51                     
0000ffe8  __TI_int52                     
0000ffea  __TI_int53                     
0000ffec  __TI_int54                     
0000ffee  __TI_int55                     
0000fff0  __TI_int56                     
0000fff2  __TI_int57                     
0000fff4  __TI_int58                     
0000fff6  __TI_int59                     
0000fff8  __TI_int60                     
0000fffa  __TI_int61                     
0000fffc  __TI_int62                     
ffffffff  __TI_pprof_out_hndl            
0000e2da  __TI_printfi_minimal           
ffffffff  __TI_prof_data_size            
ffffffff  __TI_prof_data_start           
0000efb2  __TI_readmsg                   
00001e4e  __TI_tmpnams                   
0000ef56  __TI_writemsg                  
0000e8ce  __TI_wrt_ok                    
0000edf6  __TI_zero_init                 
ffffffff  __c_args__                     
0000ed76  __memcpy_far                   
0000f116  __mspabi_divu                  
0000f0e6  __mspabi_mpyi_f5hw             
0000f116  __mspabi_remu                  
0000eeaa  __mspabi_slll_1                
0000ee86  __mspabi_slll_10               
0000ee82  __mspabi_slll_11               
0000ee7e  __mspabi_slll_12               
0000ee7a  __mspabi_slll_13               
0000ee76  __mspabi_slll_14               
0000ee72  __mspabi_slll_15               
0000eea6  __mspabi_slll_2                
0000eea2  __mspabi_slll_3                
0000ee9e  __mspabi_slll_4                
0000ee9a  __mspabi_slll_5                
0000ee96  __mspabi_slll_6                
0000ee92  __mspabi_slll_7                
0000ee8e  __mspabi_slll_8                
0000ee8a  __mspabi_slll_9                
0000ee6c  __mspabi_sral_1                
0000ee48  __mspabi_sral_10               
0000ee44  __mspabi_sral_11               
0000ee40  __mspabi_sral_12               
0000ee3c  __mspabi_sral_13               
0000ee38  __mspabi_sral_14               
0000ee34  __mspabi_sral_15               
0000ee68  __mspabi_sral_2                
0000ee64  __mspabi_sral_3                
0000ee60  __mspabi_sral_4                
0000ee5c  __mspabi_sral_5                
0000ee58  __mspabi_sral_6                
0000ee54  __mspabi_sral_7                
0000ee50  __mspabi_sral_8                
0000ee4c  __mspabi_sral_9                
0000e7cc  _auto_init                     
0000f07e  _c_int00_noargs                
00001c00  _device                        
00001c78  _ftable                        
00001d20  _lock                          
0000f1a0  _nop                           
0000fffe  _reset_vector                  
000023ac  _stack                         
00001cf0  _stream                        
00001efc  _sys_memory                    
0000f1a2  _system_post_cinit             
0000f19c  _system_pre_init               
00001d24  _unlock                        
0000f192  abort                          
0000ec5c  close                          
0000e544  copy_in                        
0000eca6  exit                           
0000ef84  finddevice                     
0000e740  fputc                          
0000e1fc  fputs                          
0000e84e  free                           
0000e9b2  fseek                          
0000ec08  getdevice                      
0000f034  lseek                          
0000f0ce  main                           
0000e5f6  malloc                         
0000f09a  memccpy                        
0000f12c  memchr                         
0000f154  memcpy                         
0000f140  memset                         
0000eeec  minit                          
00001eee  parmbuf                        
0000edb6  printf                         
0000e740  putc                           
0000f00a  remove                         
0000e3b4  setvbuf                        
0000f0b4  strchr                         
0000f0fe  strcmp                         
0000f166  strcpy                         
0000f176  strlen                         
0000efde  strncpy                        
0000f00a  unlink                         
0000f05a  write                          


GLOBAL SYMBOLS: SORTED BY Symbol Address 

address   name                           
-------   ----                           
00000050  __STACK_SIZE                   
00000050  __SYSMEM_SIZE                  
00000100  SFRIE1                         
00000100  SFRIE1_L                       
00000101  SFRIE1_H                       
00000102  SFRIFG1                        
00000102  SFRIFG1_L                      
00000103  SFRIFG1_H                      
00000104  SFRRPCR                        
00000104  SFRRPCR_L                      
00000105  SFRRPCR_H                      
00000120  PMMCTL0                        
00000120  PMMCTL0_L                      
00000121  PMMCTL0_H                      
00000122  PMMCTL1                        
00000122  PMMCTL1_L                      
00000123  PMMCTL1_H                      
00000124  SVSMHCTL                       
00000124  SVSMHCTL_L                     
00000125  SVSMHCTL_H                     
00000126  SVSMLCTL                       
00000126  SVSMLCTL_L                     
00000127  SVSMLCTL_H                     
00000128  SVSMIO                         
00000128  SVSMIO_L                       
00000129  SVSMIO_H                       
0000012c  PMMIFG                         
0000012c  PMMIFG_L                       
0000012d  PMMIFG_H                       
0000012e  PMMRIE                         
0000012e  PMMRIE_L                       
0000012f  PMMRIE_H                       
00000130  PM5CTL0                        
00000130  PM5CTL0_L                      
00000131  PM5CTL0_H                      
00000140  FCTL1                          
00000140  FCTL1_L                        
00000141  FCTL1_H                        
00000144  FCTL3                          
00000144  FCTL3_L                        
00000145  FCTL3_H                        
00000146  FCTL4                          
00000146  FCTL4_L                        
00000147  FCTL4_H                        
00000150  CRCDI                          
00000150  CRCDI_L                        
00000151  CRCDI_H                        
00000152  CRCDIRB                        
00000152  CRCDIRB_L                      
00000153  CRCDIRB_H                      
00000154  CRCINIRES                      
00000154  CRCINIRES_L                    
00000155  CRCINIRES_H                    
00000156  CRCRESR                        
00000156  CRCRESR_L                      
00000157  CRCRESR_H                      
00000158  RCCTL0                         
00000158  RCCTL0_L                       
00000159  RCCTL0_H                       
0000015c  WDTCTL                         
0000015c  WDTCTL_L                       
0000015d  WDTCTL_H                       
00000160  UCSCTL0                        
00000160  UCSCTL0_L                      
00000161  UCSCTL0_H                      
00000162  UCSCTL1                        
00000162  UCSCTL1_L                      
00000163  UCSCTL1_H                      
00000164  UCSCTL2                        
00000164  UCSCTL2_L                      
00000165  UCSCTL2_H                      
00000166  UCSCTL3                        
00000166  UCSCTL3_L                      
00000167  UCSCTL3_H                      
00000168  UCSCTL4                        
00000168  UCSCTL4_L                      
00000169  UCSCTL4_H                      
0000016a  UCSCTL5                        
0000016a  UCSCTL5_L                      
0000016b  UCSCTL5_H                      
0000016c  UCSCTL6                        
0000016c  UCSCTL6_L                      
0000016d  UCSCTL6_H                      
0000016e  UCSCTL7                        
0000016e  UCSCTL7_L                      
0000016f  UCSCTL7_H                      
00000170  UCSCTL8                        
00000170  UCSCTL8_L                      
00000171  UCSCTL8_H                      
00000180  SYSCTL                         
00000180  SYSCTL_L                       
00000181  SYSCTL_H                       
00000182  SYSBSLC                        
00000182  SYSBSLC_L                      
00000183  SYSBSLC_H                      
00000186  SYSJMBC                        
00000186  SYSJMBC_L                      
00000187  SYSJMBC_H                      
00000188  SYSJMBI0                       
00000188  SYSJMBI0_L                     
00000189  SYSJMBI0_H                     
0000018a  SYSJMBI1                       
0000018a  SYSJMBI1_L                     
0000018b  SYSJMBI1_H                     
0000018c  SYSJMBO0                       
0000018c  SYSJMBO0_L                     
0000018d  SYSJMBO0_H                     
0000018e  SYSJMBO1                       
0000018e  SYSJMBO1_L                     
0000018f  SYSJMBO1_H                     
00000198  SYSBERRIV                      
00000198  SYSBERRIV_L                    
00000199  SYSBERRIV_H                    
0000019a  SYSUNIV                        
0000019a  SYSUNIV_L                      
0000019b  SYSUNIV_H                      
0000019c  SYSSNIV                        
0000019c  SYSSNIV_L                      
0000019d  SYSSNIV_H                      
0000019e  SYSRSTIV                       
0000019e  SYSRSTIV_L                     
0000019f  SYSRSTIV_H                     
000001b0  REFCTL0                        
000001b0  REFCTL0_L                      
000001b1  REFCTL0_H                      
000001c0  PMAPKEYID                      
000001c0  PMAPKEYID_L                    
000001c1  PMAPKEYID_H                    
000001c2  PMAPCTL                        
000001c2  PMAPCTL_L                      
000001c3  PMAPCTL_H                      
000001c8  P1MAP01                        
000001c8  P1MAP01_L                      
000001c9  P1MAP01_H                      
000001ca  P1MAP23                        
000001ca  P1MAP23_L                      
000001cb  P1MAP23_H                      
000001cc  P1MAP45                        
000001cc  P1MAP45_L                      
000001cd  P1MAP45_H                      
000001ce  P1MAP67                        
000001ce  P1MAP67_L                      
000001cf  P1MAP67_H                      
000001d0  P2MAP01                        
000001d0  P2MAP01_L                      
000001d1  P2MAP01_H                      
000001d2  P2MAP23                        
000001d2  P2MAP23_L                      
000001d3  P2MAP23_H                      
000001d4  P2MAP45                        
000001d4  P2MAP45_L                      
000001d5  P2MAP45_H                      
000001d6  P2MAP67                        
000001d6  P2MAP67_L                      
000001d7  P2MAP67_H                      
000001d8  P3MAP01                        
000001d8  P3MAP01_L                      
000001d9  P3MAP01_H                      
000001da  P3MAP23                        
000001da  P3MAP23_L                      
000001db  P3MAP23_H                      
000001dc  P3MAP45                        
000001dc  P3MAP45_L                      
000001dd  P3MAP45_H                      
000001de  P3MAP67                        
000001de  P3MAP67_L                      
000001df  P3MAP67_H                      
00000200  PAIN                           
00000200  PAIN_L                         
00000201  PAIN_H                         
00000202  PAOUT                          
00000202  PAOUT_L                        
00000203  PAOUT_H                        
00000204  PADIR                          
00000204  PADIR_L                        
00000205  PADIR_H                        
00000206  PAREN                          
00000206  PAREN_L                        
00000207  PAREN_H                        
00000208  PADS                           
00000208  PADS_L                         
00000209  PADS_H                         
0000020a  PASEL                          
0000020a  PASEL_L                        
0000020b  PASEL_H                        
0000020e  P1IV                           
00000218  PAIES                          
00000218  PAIES_L                        
00000219  PAIES_H                        
0000021a  PAIE                           
0000021a  PAIE_L                         
0000021b  PAIE_H                         
0000021c  PAIFG                          
0000021c  PAIFG_L                        
0000021d  PAIFG_H                        
0000021e  P2IV                           
00000220  PBIN                           
00000220  PBIN_L                         
00000221  PBIN_H                         
00000222  PBOUT                          
00000222  PBOUT_L                        
00000223  PBOUT_H                        
00000224  PBDIR                          
00000224  PBDIR_L                        
00000225  PBDIR_H                        
00000226  PBREN                          
00000226  PBREN_L                        
00000227  PBREN_H                        
00000228  PBDS                           
00000228  PBDS_L                         
00000229  PBDS_H                         
0000022a  PBSEL                          
0000022a  PBSEL_L                        
0000022b  PBSEL_H                        
00000240  PCIN                           
00000240  PCIN_L                         
00000241  PCIN_H                         
00000242  PCOUT                          
00000242  PCOUT_L                        
00000243  PCOUT_H                        
00000244  PCDIR                          
00000244  PCDIR_L                        
00000245  PCDIR_H                        
00000246  PCREN                          
00000246  PCREN_L                        
00000247  PCREN_H                        
00000248  PCDS                           
00000248  PCDS_L                         
00000249  PCDS_H                         
0000024a  PCSEL                          
0000024a  PCSEL_L                        
0000024b  PCSEL_H                        
00000320  PJIN                           
00000320  PJIN_L                         
00000321  PJIN_H                         
00000322  PJOUT                          
00000322  PJOUT_L                        
00000323  PJOUT_H                        
00000324  PJDIR                          
00000324  PJDIR_L                        
00000325  PJDIR_H                        
00000326  PJREN                          
00000326  PJREN_L                        
00000327  PJREN_H                        
00000328  PJDS                           
00000328  PJDS_L                         
00000329  PJDS_H                         
00000340  TA0CTL                         
00000342  TA0CCTL0                       
00000344  TA0CCTL1                       
00000346  TA0CCTL2                       
00000348  TA0CCTL3                       
0000034a  TA0CCTL4                       
00000350  TA0R                           
00000352  TA0CCR0                        
00000354  TA0CCR1                        
00000356  TA0CCR2                        
00000358  TA0CCR3                        
0000035a  TA0CCR4                        
00000360  TA0EX0                         
0000036e  TA0IV                          
00000380  TA1CTL                         
00000382  TA1CCTL0                       
00000384  TA1CCTL1                       
00000386  TA1CCTL2                       
00000390  TA1R                           
00000392  TA1CCR0                        
00000394  TA1CCR1                        
00000396  TA1CCR2                        
000003a0  TA1EX0                         
000003ae  TA1IV                          
000004a0  RTCCTL01                       
000004a0  RTCCTL01_L                     
000004a1  RTCCTL01_H                     
000004a2  RTCCTL23                       
000004a2  RTCCTL23_L                     
000004a3  RTCCTL23_H                     
000004a8  RTCPS0CTL                      
000004a8  RTCPS0CTL_L                    
000004a9  RTCPS0CTL_H                    
000004aa  RTCPS1CTL                      
000004aa  RTCPS1CTL_L                    
000004ab  RTCPS1CTL_H                    
000004ac  RTCPS                          
000004ac  RTCPS_L                        
000004ad  RTCPS_H                        
000004ae  RTCIV                          
000004b0  RTCTIM0                        
000004b0  RTCTIM0_L                      
000004b1  RTCTIM0_H                      
000004b2  RTCTIM1                        
000004b2  RTCTIM1_L                      
000004b3  RTCTIM1_H                      
000004b4  RTCDATE                        
000004b4  RTCDATE_L                      
000004b5  RTCDATE_H                      
000004b6  RTCYEAR                        
000004b6  RTCYEAR_L                      
000004b7  RTCYEAR_H                      
000004b8  RTCAMINHR                      
000004b8  RTCAMINHR_L                    
000004b9  RTCAMINHR_H                    
000004ba  RTCADOWDAY                     
000004ba  RTCADOWDAY_L                   
000004bb  RTCADOWDAY_H                   
000004bc  BIN2BCD                        
000004be  BCD2BIN                        
000004c0  MPY                            
000004c0  MPY_L                          
000004c1  MPY_H                          
000004c2  MPYS                           
000004c2  MPYS_L                         
000004c3  MPYS_H                         
000004c4  MAC                            
000004c4  MAC_L                          
000004c5  MAC_H                          
000004c6  MACS                           
000004c6  MACS_L                         
000004c7  MACS_H                         
000004c8  OP2                            
000004c8  OP2_L                          
000004c9  OP2_H                          
000004ca  RESLO                          
000004ca  RESLO_L                        
000004cb  RESLO_H                        
000004cc  RESHI                          
000004cc  RESHI_L                        
000004cd  RESHI_H                        
000004ce  SUMEXT                         
000004ce  SUMEXT_L                       
000004cf  SUMEXT_H                       
000004d0  MPY32L                         
000004d0  MPY32L_L                       
000004d1  MPY32L_H                       
000004d2  MPY32H                         
000004d2  MPY32H_L                       
000004d3  MPY32H_H                       
000004d4  MPYS32L                        
000004d4  MPYS32L_L                      
000004d5  MPYS32L_H                      
000004d6  MPYS32H                        
000004d6  MPYS32H_L                      
000004d7  MPYS32H_H                      
000004d8  MAC32L                         
000004d8  MAC32L_L                       
000004d9  MAC32L_H                       
000004da  MAC32H                         
000004da  MAC32H_L                       
000004db  MAC32H_H                       
000004dc  MACS32L                        
000004dc  MACS32L_L                      
000004dd  MACS32L_H                      
000004de  MACS32H                        
000004de  MACS32H_L                      
000004df  MACS32H_H                      
000004e0  OP2L                           
000004e0  OP2L_L                         
000004e1  OP2L_H                         
000004e2  OP2H                           
000004e2  OP2H_L                         
000004e3  OP2H_H                         
000004e4  RES0                           
000004e4  RES0_L                         
000004e5  RES0_H                         
000004e6  RES1                           
000004e6  RES1_L                         
000004e7  RES1_H                         
000004e8  RES2                           
000004e8  RES2_L                         
000004e9  RES2_H                         
000004ea  RES3                           
000004ea  RES3_L                         
000004eb  RES3_H                         
000004ec  MPY32CTL0                      
000004ec  MPY32CTL0_L                    
000004ed  MPY32CTL0_H                    
00000500  DMACTL0                        
00000500  DMACTL0_L                      
00000501  DMACTL0_H                      
00000502  DMACTL1                        
00000502  DMACTL1_L                      
00000503  DMACTL1_H                      
00000504  DMACTL2                        
00000504  DMACTL2_L                      
00000505  DMACTL2_H                      
00000506  DMACTL3                        
00000506  DMACTL3_L                      
00000507  DMACTL3_H                      
00000508  DMACTL4                        
00000508  DMACTL4_L                      
00000509  DMACTL4_H                      
0000050e  DMAIV                          
0000050e  DMAIV_L                        
0000050f  DMAIV_H                        
00000510  DMA0CTL                        
00000510  DMA0CTL_L                      
00000511  DMA0CTL_H                      
00000512  DMA0SA                         
00000512  DMA0SAL                        
00000514  DMA0SAH                        
00000516  DMA0DA                         
00000516  DMA0DAL                        
00000518  DMA0DAH                        
0000051a  DMA0SZ                         
00000520  DMA1CTL                        
00000520  DMA1CTL_L                      
00000521  DMA1CTL_H                      
00000522  DMA1SA                         
00000522  DMA1SAL                        
00000524  DMA1SAH                        
00000526  DMA1DA                         
00000526  DMA1DAL                        
00000528  DMA1DAH                        
0000052a  DMA1SZ                         
00000530  DMA2CTL                        
00000530  DMA2CTL_L                      
00000531  DMA2CTL_H                      
00000532  DMA2SA                         
00000532  DMA2SAL                        
00000534  DMA2SAH                        
00000536  DMA2DA                         
00000536  DMA2DAL                        
00000538  DMA2DAH                        
0000053a  DMA2SZ                         
000005c0  UCA0CTLW0                      
000005c0  UCA0CTLW0_L                    
000005c1  UCA0CTLW0_H                    
000005c6  UCA0BRW                        
000005c6  UCA0BRW_L                      
000005c7  UCA0BRW_H                      
000005c8  UCA0MCTL                       
000005ca  UCA0STAT                       
000005cc  UCA0RXBUF                      
000005ce  UCA0TXBUF                      
000005d0  UCA0ABCTL                      
000005d2  UCA0IRCTL                      
000005d2  UCA0IRCTL_L                    
000005d3  UCA0IRCTL_H                    
000005dc  UCA0ICTL                       
000005dc  UCA0ICTL_L                     
000005dd  UCA0ICTL_H                     
000005de  UCA0IV                         
000005e0  UCB0CTLW0                      
000005e0  UCB0CTLW0_L                    
000005e1  UCB0CTLW0_H                    
000005e6  UCB0BRW                        
000005e6  UCB0BRW_L                      
000005e7  UCB0BRW_H                      
000005ea  UCB0STAT                       
000005ec  UCB0RXBUF                      
000005ee  UCB0TXBUF                      
000005f0  UCB0I2COA                      
000005f0  UCB0I2COA_L                    
000005f1  UCB0I2COA_H                    
000005f2  UCB0I2CSA                      
000005f2  UCB0I2CSA_L                    
000005f3  UCB0I2CSA_H                    
000005fc  UCB0ICTL                       
000005fc  UCB0ICTL_L                     
000005fd  UCB0ICTL_H                     
000005fe  UCB0IV                         
00000740  ADC10CTL0                      
00000740  ADC10CTL0_L                    
00000741  ADC10CTL0_H                    
00000742  ADC10CTL1                      
00000742  ADC10CTL1_L                    
00000743  ADC10CTL1_H                    
00000744  ADC10CTL2                      
00000744  ADC10CTL2_L                    
00000745  ADC10CTL2_H                    
00000746  ADC10LO                        
00000746  ADC10LO_L                      
00000747  ADC10LO_H                      
00000748  ADC10HI                        
00000748  ADC10HI_L                      
00000749  ADC10HI_H                      
0000074a  ADC10MCTL0                     
0000074a  ADC10MCTL0_L                   
0000074b  ADC10MCTL0_H                   
00000752  ADC10MEM0                      
00000752  ADC10MEM0_L                    
00000753  ADC10MEM0_H                    
0000075a  ADC10IE                        
0000075a  ADC10IE_L                      
0000075b  ADC10IE_H                      
0000075c  ADC10IFG                       
0000075c  ADC10IFG_L                     
0000075d  ADC10IFG_H                     
0000075e  ADC10IV                        
0000075e  ADC10IV_L                      
0000075f  ADC10IV_H                      
000008c0  CBCTL0                         
000008c0  CBCTL0_L                       
000008c1  CBCTL0_H                       
000008c2  CBCTL1                         
000008c2  CBCTL1_L                       
000008c3  CBCTL1_H                       
000008c4  CBCTL2                         
000008c4  CBCTL2_L                       
000008c5  CBCTL2_H                       
000008c6  CBCTL3                         
000008c6  CBCTL3_L                       
000008c7  CBCTL3_H                       
000008cc  CBINT                          
000008cc  CBINT_L                        
000008cd  CBINT_H                        
000008ce  CBIV                           
000009c0  AESACTL0                       
000009c0  AESACTL0_L                     
000009c1  AESACTL0_H                     
000009c4  AESASTAT                       
000009c4  AESASTAT_L                     
000009c5  AESASTAT_H                     
000009c6  AESAKEY                        
000009c6  AESAKEY_L                      
000009c7  AESAKEY_H                      
000009c8  AESADIN                        
000009c8  AESADIN_L                      
000009c9  AESADIN_H                      
000009ca  AESADOUT                       
000009ca  AESADOUT_L                     
000009cb  AESADOUT_H                     
00000f00  RF1AIFCTL0                     
00000f00  RF1AIFCTL0_L                   
00000f01  RF1AIFCTL0_H                   
00000f02  RF1AIFCTL1                     
00000f02  RF1AIFCTL1_L                   
00000f03  RF1AIFCTL1_H                   
00000f04  RF1AIFCTL2                     
00000f04  RF1AIFCTL2_L                   
00000f05  RF1AIFCTL2_H                   
00000f06  RF1AIFERR                      
00000f06  RF1AIFERR_L                    
00000f07  RF1AIFERR_H                    
00000f0c  RF1AIFERRV                     
00000f0c  RF1AIFERRV_L                   
00000f0d  RF1AIFERRV_H                   
00000f0e  RF1AIFIV                       
00000f0e  RF1AIFIV_L                     
00000f0f  RF1AIFIV_H                     
00000f10  RF1AINSTRW                     
00000f10  RF1AINSTRW_L                   
00000f11  RF1AINSTRW_H                   
00000f12  RF1AINSTR1W                    
00000f12  RF1AINSTR1W_L                  
00000f13  RF1AINSTR1W_H                  
00000f14  RF1AINSTR2W                    
00000f14  RF1AINSTR2W_L                  
00000f15  RF1AINSTR2W_H                  
00000f16  RF1ADINW                       
00000f16  RF1ADINW_L                     
00000f17  RF1ADINW_H                     
00000f20  RF1ASTAT0W                     
00000f20  RF1ASTAT0W_L                   
00000f21  RF1ASTAT0W_H                   
00000f22  RF1ASTAT1W                     
00000f22  RF1ASTAT1W_L                   
00000f23  RF1ASTAT1W_H                   
00000f24  RF1ASTAT2W                     
00000f24  RF1ASTAT2W_L                   
00000f25  RF1ASTAT2W_H                   
00000f28  RF1ADOUT0W                     
00000f28  RF1ADOUT0W_L                   
00000f29  RF1ADOUT0W_H                   
00000f2a  RF1ADOUT1W                     
00000f2a  RF1ADOUT1W_L                   
00000f2b  RF1ADOUT1W_H                   
00000f2c  RF1ADOUT2W                     
00000f2c  RF1ADOUT2W_L                   
00000f2d  RF1ADOUT2W_H                   
00000f30  RF1AIN                         
00000f30  RF1AIN_L                       
00000f31  RF1AIN_H                       
00000f32  RF1AIFG                        
00000f32  RF1AIFG_L                      
00000f33  RF1AIFG_H                      
00000f34  RF1AIES                        
00000f34  RF1AIES_L                      
00000f35  RF1AIES_H                      
00000f36  RF1AIE                         
00000f36  RF1AIE_L                       
00000f37  RF1AIE_H                       
00000f38  RF1AIV                         
00000f38  RF1AIV_L                       
00000f39  RF1AIV_H                       
00000f3c  RF1ARXFIFO                     
00000f3c  RF1ARXFIFO_L                   
00000f3d  RF1ARXFIFO_H                   
00000f3e  RF1ATXFIFO                     
00000f3e  RF1ATXFIFO_L                   
00000f3f  RF1ATXFIFO_H                   
00001c00  _device                        
00001c78  _ftable                        
00001cf0  _stream                        
00001d18  __TI_cleanup_ptr               
00001d1c  __TI_dtors_ptr                 
00001d20  _lock                          
00001d24  _unlock                        
00001d28  __TI_ft_end                    
00001d2a  __TI_enable_exit_profile_output
00001d2e  _CIOBUF_                       
00001e4e  __TI_tmpnams                   
00001eee  parmbuf                        
00001efc  _sys_memory                    
000023ac  _stack                         
000023fc  __STACK_END                    
0000e10e  __TI_decompress_lzss           
0000e1fc  fputs                          
0000e2da  __TI_printfi_minimal           
0000e3b4  setvbuf                        
0000e544  copy_in                        
0000e5f6  malloc                         
0000e6a4  HOSTlseek                      
0000e740  fputc                          
0000e740  putc                           
0000e7cc  _auto_init                     
0000e84e  free                           
0000e8ce  __TI_wrt_ok                    
0000e948  HOSTrename                     
0000e9b2  fseek                          
0000ea1c  __TI_closefile                 
0000ea84  HOSTopen                       
0000eae8  __TI_doflush                   
0000eb4a  HOSTwrite                      
0000ebaa  HOSTread                       
0000ec08  getdevice                      
0000ec5c  close                          
0000eca6  exit                           
0000ecee  HOSTclose                      
0000ed34  HOSTunlink                     
0000ed76  __memcpy_far                   
0000edb6  printf                         
0000edf6  __TI_zero_init                 
0000ee34  __mspabi_sral_15               
0000ee38  __mspabi_sral_14               
0000ee3c  __mspabi_sral_13               
0000ee40  __mspabi_sral_12               
0000ee44  __mspabi_sral_11               
0000ee48  __mspabi_sral_10               
0000ee4c  __mspabi_sral_9                
0000ee50  __mspabi_sral_8                
0000ee54  __mspabi_sral_7                
0000ee58  __mspabi_sral_6                
0000ee5c  __mspabi_sral_5                
0000ee60  __mspabi_sral_4                
0000ee64  __mspabi_sral_3                
0000ee68  __mspabi_sral_2                
0000ee6c  __mspabi_sral_1                
0000ee72  __mspabi_slll_15               
0000ee76  __mspabi_slll_14               
0000ee7a  __mspabi_slll_13               
0000ee7e  __mspabi_slll_12               
0000ee82  __mspabi_slll_11               
0000ee86  __mspabi_slll_10               
0000ee8a  __mspabi_slll_9                
0000ee8e  __mspabi_slll_8                
0000ee92  __mspabi_slll_7                
0000ee96  __mspabi_slll_6                
0000ee9a  __mspabi_slll_5                
0000ee9e  __mspabi_slll_4                
0000eea2  __mspabi_slll_3                
0000eea6  __mspabi_slll_2                
0000eeaa  __mspabi_slll_1                
0000eeb0  __TI_decompress_none           
0000eeec  minit                          
0000ef24  __TI_cleanup                   
0000ef56  __TI_writemsg                  
0000ef80  C$$IO$$                        
0000ef84  finddevice                     
0000efb2  __TI_readmsg                   
0000efde  strncpy                        
0000f00a  remove                         
0000f00a  unlink                         
0000f034  lseek                          
0000f05a  write                          
0000f07e  _c_int00_noargs                
0000f09a  memccpy                        
0000f0b4  strchr                         
0000f0ce  main                           
0000f0e6  __mspabi_mpyi_f5hw             
0000f0fe  strcmp                         
0000f116  __mspabi_divu                  
0000f116  __mspabi_remu                  
0000f12c  memchr                         
0000f140  memset                         
0000f154  memcpy                         
0000f166  strcpy                         
0000f176  strlen                         
0000f184  __TI_ISR_TRAP                  
0000f192  C$$EXIT                        
0000f192  abort                          
0000f19c  _system_pre_init               
0000f1a0  _nop                           
0000f1a2  _system_post_cinit             
0000f216  __TI_Handler_Table_Base        
0000f222  __TI_Handler_Table_Limit       
0000f228  __TI_CINIT_Base                
0000f238  __TI_CINIT_Limit               
0000ffda  __TI_int45                     
0000ffdc  __TI_int46                     
0000ffe0  __TI_int48                     
0000ffe2  __TI_int49                     
0000ffe4  __TI_int50                     
0000ffe6  __TI_int51                     
0000ffe8  __TI_int52                     
0000ffea  __TI_int53                     
0000ffec  __TI_int54                     
0000ffee  __TI_int55                     
0000fff0  __TI_int56                     
0000fff2  __TI_int57                     
0000fff4  __TI_int58                     
0000fff6  __TI_int59                     
0000fff8  __TI_int60                     
0000fffa  __TI_int61                     
0000fffc  __TI_int62                     
0000fffe  _reset_vector                  
ffffffff  __TI_pprof_out_hndl            
ffffffff  __TI_prof_data_size            
ffffffff  __TI_prof_data_start           
ffffffff  __c_args__                     
UNDEFED   __TI_BINIT_Base                
UNDEFED   __TI_BINIT_Limit               
UNDEFED   __TI_INITARRAY_Base            
UNDEFED   __TI_INITARRAY_Limit           

[724 symbols]
